# brt-achtergrondkaart STANDAARD

MAP
  NAME                  "brtachtergrondkaart"
  CONFIG                "MS_ERRORFILE" "stderr"
  IMAGETYPE             png
  UNITS                 meters
  MAXSIZE               4000
  FONTSET               "/srv/data/fonts.list"
  EXTENT                -1000000 -1000000 1150000 1900000
  STATUS                ON
  # CONFIG                "CPL_DEBUG" "ON"
  # DEBUG                 4

  RESOLUTION 91
  DEFRESOLUTION 91

  PROJECTION
    "init=epsg:28992"
  END
	
  WEB
    METADATA
      "ows_enable_request"              "*"
      "ows_srs"                         "EPSG:28992 EPSG:3857 EPSG:25831"
      "ows_title"                       "BRT Achtergrondkaart Standaard"
      "ows_abstract"                    "BRT Achtergrondkaart Standaard"
      "ows_keywordlist"                 "PDOK Geopackage Mapserver BRT Achtergrondkaart Standaard"
      "wms_namespace_prefix"            "brtachtergrondkaartstandaard"
      "wms_extent"                      "-1000000 -1000000 1150000 1900000"
      "wms_allow_getmap_without_styles" "true"
    END # METADATA
  END # WEB

  SYMBOL
    NAME "cross"
    TYPE vector
    POINTS
      2.0 0.0
      2.0 4.0
      -99 -99
      0.0 2.0
      4.0 2.0
    END
    FILLED true
    ANCHORPOINT 0.5 0.5
  END

  SYMBOL # spoorlijn in tunnel
    NAME "tunnel"
    TYPE vector
    POINTS
      -7.5 -15
      -7.5 15
      -99 -99
      7.5 -15
      7.5 15
    END
  END

  SYMBOL # tram loodrecht streepje
    NAME "tram_streep"
    TYPE vector
    POINTS
      -1 0
      1 0
    END
  END

  SYMBOL
    NAME "circle"
    TYPE ellipse
    POINTS
      1 1
    END
    FILLED true
  END

  SYMBOL
    NAME "square"
    TYPE vector
    POINTS
      0 0
      0 1
      1 1
      1 0
      0 0
    END
    FILLED true
  END

  # straatnamen
  LAYER
    NAME "straatnamen"
    LABELITEM "label"
    TYPE LINE
    EXTENT -1000000 -1000000 1150000 1900000

    METADATA
      "ows_title" "straatnamen"
    END

    SCALETOKEN
      NAME "%scale%"
      VALUES
        "0"        "0"
        "750"      "750"
        "1500"     "1500"
        "3000"     "3000"
        "6000"     "6000"
        "12000"    "12000"
        "24000"    "24000"
        "48000"    "48000"
        "96000"    "96000"
        "192000"   "192000"
        "384000"   "384000"
        "768000"   "768000"
        "1536000"  "1536000"
        "3072000"  "3072000"
        "6144000"  "6144000"
      END # VALUES
    END # SCALETOKEN

    CONNECTIONTYPE OGR
    CONNECTION "/srv/data/gpkg/brtachtergrondkaart.gpkg"
    DATA "straatnamen"
    PROCESSING 'NATIVE_FILTER=minscaledenom <= %scale% AND maxscaledenom > %scale%'
    PROCESSING "CLOSE_CONNECTION=DEFER"
    PROCESSING "LABEL_NO_CLIP=ON"
    TEMPLATE "dummy"

    MINSCALEDENOM 0
    MAXSCALEDENOM 48000

    CLASS
      # labels straatnamen
      NAME "straatnamen"
      # geen_expression
      LABEL
        MINDISTANCE 5
        BUFFER 5
        COLOR "#FFFFFF"
	OUTLINECOLOR "#FFFFFF"
        FONT "marked-font"
        TYPE truetype
        SIZE [size]
        ANGLE FOLLOW
        POSITION cc
        PARTIALS TRUE
        REPEATDISTANCE 512
        ALIGN center
        PRIORITY 4
      END
    END
  END # LAYER

 
END # MAP