# brt-achtergrondkaart STANDAARD

MAP
  NAME                  "brtachtergrondkaart"
  CONFIG                "MS_ERRORFILE" "stderr"
  IMAGETYPE             png
  UNITS                 meters
  MAXSIZE               4000
  FONTSET               "/srv/data/fonts.list"
  EXTENT                -1000000 -1000000 1150000 1900000
  STATUS                ON
  # CONFIG                "CPL_DEBUG" "ON"
  # DEBUG                 4

  RESOLUTION 91
  DEFRESOLUTION 91

  PROJECTION
    "init=epsg:28992"
  END
	
  WEB
    METADATA
      "ows_enable_request"              "*"
      "ows_srs"                         "EPSG:28992 EPSG:3857 EPSG:25831"
      "ows_title"                       "BRT Achtergrondkaart Standaard"
      "ows_abstract"                    "BRT Achtergrondkaart Standaard"
      "ows_keywordlist"                 "PDOK Geopackage Mapserver BRT Achtergrondkaart Standaard"
      "wms_namespace_prefix"            "brtachtergrondkaartstandaard"
      "wms_extent"                      "-1000000 -1000000 1150000 1900000"
      "wms_allow_getmap_without_styles" "true"
    END # METADATA
  END # WEB

  SYMBOL
    NAME "cross"
    TYPE vector
    POINTS
      2.0 0.0
      2.0 4.0
      -99 -99
      0.0 2.0
      4.0 2.0
    END
    FILLED true
    ANCHORPOINT 0.5 0.5
  END

  SYMBOL # spoorlijn in tunnel
    NAME "tunnel"
    TYPE vector
    POINTS
      -7.5 -15
      -7.5 15
      -99 -99
      7.5 -15
      7.5 15
    END
  END

  SYMBOL # tram loodrecht streepje
    NAME "tram_streep"
    TYPE vector
    POINTS
      -1 0
      1 0
    END
  END

  SYMBOL
    NAME "circle"
    TYPE ellipse
    POINTS
      1 1
    END
    FILLED true
  END

  SYMBOL
    NAME "square"
    TYPE vector
    POINTS
      0 0
      0 1
      1 1
      1 0
      0 0
    END
    FILLED true
  END

  # nederland
  LAYER
    NAME "nederland"
    TYPE POLYGON
    EXTENT -1000000 -1000000 1150000 1900000

    METADATA
      "ows_title" "nederland"
    END

    SCALETOKEN
      NAME "%scale%"
      VALUES
        "0"        "0"
        "750"      "750"
        "1500"     "1500"
        "3000"     "3000"
        "6000"     "6000"
        "12000"    "12000"
        "24000"    "24000"
        "48000"    "48000"
        "96000"    "96000"
        "192000"   "192000"
        "384000"   "384000"
        "768000"   "768000"
        "1536000"  "1536000"
        "3072000"  "3072000"
        "6144000"  "6144000"
        "12288000" "12288000"
      END # VALUES
    END # SCALETOKEN

    CONNECTIONTYPE OGR
    CONNECTION "/srv/data/gpkg/brtachtergrondkaart.gpkg"
    DATA "nederland"
    PROCESSING 'NATIVE_FILTER=minscaledenom <= %scale% AND maxscaledenom > %scale%'
    PROCESSING "CLOSE_CONNECTION=DEFER"
    TEMPLATE "dummy"

    MINSCALEDENOM 0
    MAXSCALEDENOM 12288000

    CLASSITEM viscode
    CLASS
      # Nederland
      NAME "18080"
      EXPRESSION "18080"
      MINSCALEDENOM 3072000
      MAXSCALEDENOM 12288000
      STYLE
        COLOR "#FFFFFF"
      END
    END
    CLASS
      # (zee)water
      NAME "18081"
      EXPRESSION "18081"
      MINSCALEDENOM 0
      MAXSCALEDENOM 3072000
      STYLE
        COLOR "#80BDE3"
      END
    END
    CLASS
      # onderlegger Nederland
      NAME "15260"
      EXPRESSION "15260"
      MINSCALEDENOM 0
      MAXSCALEDENOM 3072000
      STYLE
        COLOR "#FFFFFF"
      END
    END
  END # LAYER

  # terreinvlak
  LAYER
    NAME "terreinvlak"
    STATUS ON
    TYPE POLYGON
    EXTENT -1000000 -1000000 1150000 1900000

    METADATA
      "ows_title" "terreinvlak"
    END

    SCALETOKEN
      NAME "%scale%"
      VALUES
        "0"        "0"
        "750"      "750"
        "1500"     "1500"
        "3000"     "3000"
        "6000"     "6000"
        "12000"    "12000"
        "24000"    "24000"
        "48000"    "48000"
        "96000"    "96000"
        "192000"   "192000"
        "384000"   "384000"
        "768000"   "768000"
        "1536000"  "1536000"
        "3072000"  "3072000"
        "6144000"  "6144000"
        "12288000" "12288000"
      END # VALUES
    END # SCALETOKEN

    CONNECTIONTYPE OGR
    CONNECTION "/srv/data/gpkg/brtachtergrondkaart.gpkg"
    DATA "terreinvlak"
    PROCESSING 'NATIVE_FILTER=minscaledenom <= %scale% AND maxscaledenom > %scale%'
    PROCESSING "CLOSE_CONNECTION=DEFER"
    TEMPLATE "dummy"

    MINSCALEDENOM 0
    MAXSCALEDENOM 12288000

    CLASSITEM viscode
    CLASS
      # steenglooing
      NAME "16290"
      EXPRESSION "16290"
      STYLE
        COLOR "#A4A4A4"
      END
    END
    CLASS
      # zand
      NAME "15250"
      EXPRESSION "15250"
      STYLE
        COLOR "#FDF6BB"
      END
    END
    CLASS
      # heide
      NAME "15240"
      EXPRESSION "15240"
      STYLE
        COLOR "#DDA1C1"
      END
    END
    CLASS
      # bos
      NAME "15020"
      EXPRESSION "15020"
      STYLE
        COLOR "#C3DBB5"
      END
    END
    CLASS
      # kassengebied
      NAME "11070"
      EXPRESSION "11070"
      STYLE
        COLOR "#DBC77A"
        MAXSCALEDENOM 768000
      END
    END
    CLASS
      # bebouwd gebied
      NAME "11010"
      EXPRESSION "11010"
      STYLE
        COLOR "#E3DCE7"
        END
      END
    CLASS
      # Bos met dras, moeras, riet
      NAME "15021"
      EXPRESSION "15021"
      STYLE
        COLOR "#C3DBB5"
      END
    END
    CLASS
      # Heide met dras, moeras, riet
      NAME "15242"
      EXPRESSION "15242"
      STYLE
        COLOR "#DDA1C1"
      END
    END
    CLASS
      # Zand met dras, moeras, riet
      NAME "15252"
      EXPRESSION "15252"
      STYLE
        COLOR "#FDF6BB"
      END
    END
    CLASS
      # aanlegsteiger
      NAME "16510"
      EXPRESSION "16510"
      STYLE
        COLOR "#B2B2B2"
        MAXSCALEDENOM 48000
      END
    END
  END # LAYER

  # waterdeelvlak
  LAYER
    NAME "waterdeelvlak"
    STATUS ON
    TYPE POLYGON
    EXTENT -1000000 -1000000 1150000 1900000

    METADATA
      "ows_title" "waterdeelvlak"
    END

    SCALETOKEN
      NAME "%scale%"
      VALUES
        "0"        "0"
        "750"      "750"
        "1500"     "1500"
        "3000"     "3000"
        "6000"     "6000"
        "12000"    "12000"
        "24000"    "24000"
        "48000"    "48000"
        "96000"    "96000"
        "192000"   "192000"
        "384000"   "384000"
        "768000"   "768000"
        "1536000"  "1536000"
        "3072000"  "3072000"
        "6144000"  "6144000"
      END # VALUES
    END # SCALETOKEN

    CONNECTIONTYPE OGR
    CONNECTION "/srv/data/gpkg/brtachtergrondkaart.gpkg"
    DATA "waterdeelvlak"
    PROCESSING 'NATIVE_FILTER=minscaledenom <= %scale% AND maxscaledenom > %scale%'
    PROCESSING "CLOSE_CONNECTION=DEFER"
    TEMPLATE "dummy"

    MINSCALEDENOM 0
    MAXSCALEDENOM 3072000

    CLASSITEM viscode
    CLASS
      # zee
      NAME "16000"
      EXPRESSION "16000"
      STYLE
        COLOR "#80BDE3"
      END
    END
    CLASS
      # meer, plas
      NAME "16110"
      EXPRESSION "16110"
      STYLE
        COLOR "#80BDE3"
      END
    END
    CLASS
      # waterloop
      NAME "16310"
      EXPRESSION "16310"
      STYLE
        COLOR "#80BDE3"
      END
    END
    CLASS
      # droogvallend
      NAME "16210"
      EXPRESSION "16210"
      STYLE
        COLOR "#90C0E4"
      END
    END
  END # LAYER

  # spoorbaandeellijn_tunnel
  LAYER
    NAME "spoorbaandeellijn_tunnel"
    STATUS ON
    TYPE LINE
    EXTENT -1000000 -1000000 1150000 1900000

    METADATA
      "ows_title" "spoorbaandeellijn_tunnel"
    END

    SCALETOKEN
      NAME "%scale%"
      VALUES
        "0"        "0"
        "750"      "750"
        "1500"     "1500"
        "3000"     "3000"
        "6000"     "6000"
        "12000"    "12000"
        "24000"    "24000"
        "48000"    "48000"
        "96000"    "96000"
        "192000"   "192000"
        "384000"   "384000"
        "768000"   "768000"
        "1536000"  "1536000"
        "3072000"  "3072000"
        "6144000"  "6144000"
      END # VALUES
    END # SCALETOKEN

    CONNECTIONTYPE OGR
    CONNECTION "/srv/data/gpkg/brtachtergrondkaart.gpkg"
    DATA "spoorbaandeellijn"
    PROCESSING 'NATIVE_FILTER=minscaledenom <= %scale% AND maxscaledenom > %scale%'
    PROCESSING "CLOSE_CONNECTION=DEFER"
    TEMPLATE "dummy"

    MINSCALEDENOM 0
    MAXSCALEDENOM 768000

    CLASSITEM viscode
     CLASS
      # treinspoor in tunnel (zoomlevel 4 t/m 14)
      NAME "14008"
      EXPRESSION "14008"
      STYLE
        COLOR "#6E6E6E"
        SYMBOL "tunnel"
        WIDTH 0.5
        SIZE 3
        GAP -4.5
        ANGLE 90
        MINSCALEDENOM 384000
        MAXSCALEDENOM 768000
        ANTIALIAS TRUE
      END
      STYLE
        COLOR "#6E6E6E"
        SYMBOL "tunnel"
        WIDTH 0.5
        SIZE 5
        GAP -7.5
        ANGLE 90
        MINSCALEDENOM 192000
        MAXSCALEDENOM 384000
        ANTIALIAS TRUE
      END
      STYLE
        COLOR "#6E6E6E"
        SYMBOL "tunnel"
        WIDTH 0.5
        SIZE 5
        GAP -7.5
        ANGLE 90
        MINSCALEDENOM 24000
        MAXSCALEDENOM 192000
        ANTIALIAS TRUE
      END
      STYLE
        COLOR "#6E6E6E"
        SYMBOL "tunnel"
        WIDTH 0.5
        SIZE 7
        GAP -10.5
        ANGLE 90
        MINSCALEDENOM 12000
        MAXSCALEDENOM 24000
        ANTIALIAS TRUE
      END
      STYLE
        COLOR "#6E6E6E"
        SYMBOL "tunnel"
        WIDTH 0.5
        SIZE 9
        GAP -13.5
        ANGLE 90
        MINSCALEDENOM 6000
        MAXSCALEDENOM 12000
        ANTIALIAS TRUE
      END
      STYLE
        COLOR "#6E6E6E"
        SYMBOL "tunnel"
        WIDTH 0.5
        SIZE 11
        GAP -16.5
        ANGLE 90
        MINSCALEDENOM 1500
        MAXSCALEDENOM 6000
        ANTIALIAS TRUE
      END
      STYLE
        COLOR "#6E6E6E"
        SYMBOL "tunnel"
        WIDTH 0.5
        SIZE 22
        GAP -33
        ANGLE 90
        MAXSCALEDENOM 1500
        ANTIALIAS TRUE
      END
    END
    CLASS
      # metro / sneltram spoor in tunnel (zoomlevel 9 t/m 14)
      NAME "14268-14308"
      EXPRESSION /(14268|14308)/
      STYLE
        COLOR "#6E6E6E"
        SYMBOL "tunnel"
        WIDTH 0.5
        SIZE 7
        GAP -10.5
        ANGLE 90
        MINSCALEDENOM 12000
        MAXSCALEDENOM 24000
        ANTIALIAS TRUE
      END
      STYLE
        COLOR "#6E6E6E"
        SYMBOL "tunnel"
        WIDTH 0.5
        SIZE 9
        GAP -13.5
        ANGLE 90
        MINSCALEDENOM 6000
        MAXSCALEDENOM 12000
        ANTIALIAS TRUE
      END
      STYLE
        COLOR "#6E6E6E"
        SYMBOL "tunnel"
        WIDTH 0.5
        SIZE 11
        GAP -16.5
        ANGLE 90
        MINSCALEDENOM 1500
        MAXSCALEDENOM 6000
        ANTIALIAS TRUE
      END
      STYLE
        COLOR "#6E6E6E"
        SYMBOL "tunnel"
        WIDTH 0.5
        SIZE 22
        GAP -33
        ANGLE 90
        MAXSCALEDENOM 1500
        ANTIALIAS TRUE
      END
    END
    CLASS
      # tram spoor in tunnel (zoomlevel 10 t/m 14)
      NAME "14238"
      EXPRESSION "14238"
      STYLE
        COLOR "#6E6E6E"
        SYMBOL "tunnel"
        WIDTH 0.5
        SIZE 9
        GAP -13.5
        ANGLE 90
        MINSCALEDENOM 6000
        MAXSCALEDENOM 12000
        ANTIALIAS TRUE
      END
      STYLE
        COLOR "#6E6E6E"
        SYMBOL "tunnel"
        WIDTH 0.5
        SIZE 11
        GAP -16.5
        ANGLE 90
        MINSCALEDENOM 1500
        MAXSCALEDENOM 6000
        ANTIALIAS TRUE
      END
      STYLE
        COLOR "#6E6E6E"
        SYMBOL "tunnel"
        WIDTH 0.5
        SIZE 22
        GAP -33
        ANGLE 90
        MAXSCALEDENOM 1500
        ANTIALIAS TRUE
      END
    END
  END # LAYER

  # wegdeelvlak-contour
  LAYER
    NAME "wegdeelvlak-contour"
    TYPE POLYGON
    EXTENT -1000000 -1000000 1150000 1900000

    METADATA
      "ows_title" "wegdeelvlak-contour"
    END

    SCALETOKEN
      NAME "%scale%"
      VALUES
        "0"        "0"
        "750"      "750"
        "1500"     "1500"
        "3000"     "3000"
        "6000"     "6000"
        "12000"    "12000"
        "24000"    "24000"
        "48000"    "48000"
        "96000"    "96000"
        "192000"   "192000"
        "384000"   "384000"
        "768000"   "768000"
        "1536000"  "1536000"
        "3072000"  "3072000"
        "6144000"  "6144000"
      END # VALUES
    END # SCALETOKEN

    CONNECTIONTYPE OGR
    CONNECTION "/srv/data/gpkg/brtachtergrondkaart.gpkg"
    DATA "wegdeelvlak"
    PROCESSING 'NATIVE_FILTER=minscaledenom <= %scale% AND maxscaledenom > %scale%'
    PROCESSING "RENDERMODE=ALL_MATCHING_CLASSES"
    PROCESSING "CLOSE_CONNECTION=DEFER"
    TEMPLATE "dummy"

    MINSCALEDENOM 0
    MAXSCALEDENOM 96000

    CLASSITEM viscode
    CLASS
      # autosnelweg|hoofdweg
      NAME "12000-12100"
      EXPRESSION /(12000|12100)/
      STYLE
        OUTLINECOLOR "#E69800"
        WIDTH 3
        LINECAP round
        LINEJOIN round
        ANTIALIAS TRUE
      END
      STYLE
        OUTLINECOLOR "#E17000"
        WIDTH 3
        LINECAP round
        LINEJOIN round
        ANTIALIAS TRUE
      END
    END
  END # LAYER

  # wegdeelvlak
  LAYER
    NAME "wegdeelvlak"
    TYPE POLYGON
    EXTENT -1000000 -1000000 1150000 1900000

    METADATA
      "ows_title" "wegdeelvlak"
    END

    SCALETOKEN
      NAME "%scale%"
      VALUES
        "0"        "0"
        "750"      "750"
        "1500"     "1500"
        "3000"     "3000"
        "6000"     "6000"
        "12000"    "12000"
        "24000"    "24000"
        "48000"    "48000"
        "96000"    "96000"
        "192000"   "192000"
        "384000"   "384000"
        "768000"   "768000"
        "1536000"  "1536000"
        "3072000"  "3072000"
        "6144000"  "6144000"
      END # VALUES
    END # SCALETOKEN

    CONNECTIONTYPE OGR
    CONNECTION "/srv/data/gpkg/brtachtergrondkaart.gpkg"
    DATA "wegdeelvlak"
    PROCESSING 'NATIVE_FILTER=minscaledenom <= %scale% AND maxscaledenom > %scale%'
    PROCESSING "RENDERMODE=ALL_MATCHING_CLASSES"
    PROCESSING "CLOSE_CONNECTION=DEFER"
    TEMPLATE "dummy"

    MINSCALEDENOM 0
    MAXSCALEDENOM 96000

    CLASSITEM viscode
    CLASS
      # autosnelweg|hoofdweg
      NAME "12000-12100"
      EXPRESSION /(12000|12100)/
      STYLE
        COLOR "#F9E11E"
      END
    END

    CLASSITEM viscode
    CLASS
      # weg in tunnel
      NAME "00008"
      EXPRESSION "00008"
      STYLE
        OUTLINECOLOR "#CCCCCC"
        WIDTH 2
        LINECAP round
        ANTIALIAS TRUE
      END
      STYLE
        COLOR "#E1E1E1"
      END
    END
    CLASS
      # overig
      NAME "13900"
      EXPRESSION "13900"
      STYLE
        OUTLINECOLOR "#D1C1BE"
        WIDTH 1.5
        LINECAP round
        ANTIALIAS TRUE
      END
      STYLE
        COLOR "#FFFFFF"
      END
    END
    CLASS
      # straat
      NAME "13530"
      EXPRESSION "13530"
      STYLE
        OUTLINECOLOR "#D1C1BE"
        WIDTH 1.5
        LINECAP round
        ANTIALIAS TRUE
      END
      STYLE
        COLOR "#FFFFFF"
      END
    END
    CLASS
      # regionale weg
      NAME "12750"
      EXPRESSION "12750"
      STYLE
        OUTLINECOLOR "#D1C1BE"
        WIDTH 1.5
        LINECAP round
        ANTIALIAS TRUE
      END
      STYLE
        COLOR "#FCEF84"
      END
    END
    # CLASS
    #   # hoofdweg
    #   NAME "12100"
    #   EXPRESSION "12100"
    #   STYLE
    #     OUTLINECOLOR "#E69800"
    #     WIDTH 1.5
    #     LINECAP round
    #     LINEJOIN round
    #     ANTIALIAS TRUE
    #   END
    #   STYLE
    #     COLOR "#F9E11E"
    #   END
    # END
    # CLASS
    #   # autosnelweg
    #   NAME "12000"
    #   EXPRESSION "12000"
    #   STYLE
    #     OUTLINECOLOR "#E17000"
    #     WIDTH 1.5
    #     LINECAP round
    #     LINEJOIN round
    #     ANTIALIAS TRUE
    #   END
    #   STYLE
    #     COLOR "#F9E11E"
    #   END
    # END
    CLASS
      # overig
      NAME "13900"
      EXPRESSION "13900"
      STYLE
        OUTLINECOLOR "#D1C1BE"
        WIDTH 2
        LINECAP round
        MINSCALEDENOM 12000
        MAXSCALEDENOM 96000
      END
      STYLE
        COLOR "#FFFFFF"
        WIDTH 1
        LINECAP round
        MINSCALEDENOM 12000
        MAXSCALEDENOM 96000
      END
    END
    CLASS
      # lokale weg
      NAME "12080"
      EXPRESSION "12080"
      STYLE
        OUTLINECOLOR "#D1C1BE"
        WIDTH 1.5
        LINECAP round
        ANTIALIAS TRUE
      END
      STYLE
        COLOR "#FCEF84"
      END
    END
  END # LAYER

  # waterdeellijn
  LAYER
    NAME "waterdeellijn"
    TYPE LINE
    EXTENT -1000000 -1000000 1150000 1900000

    METADATA
      "ows_title" "waterdeellijn"
    END

    SCALETOKEN
      NAME "%scale%"
      VALUES
        "0"        "0"
        "750"      "750"
        "1500"     "1500"
        "3000"     "3000"
        "6000"     "6000"
        "12000"    "12000"
        "24000"    "24000"
        "48000"    "48000"
        "96000"    "96000"
        "192000"   "192000"
        "384000"   "384000"
        "768000"   "768000"
        "1536000"  "1536000"
        "3072000"  "3072000"
        "6144000"  "6144000"
      END # VALUES
    END # SCALETOKEN

    CONNECTIONTYPE OGR
    CONNECTION "/srv/data/gpkg/brtachtergrondkaart.gpkg"
    DATA "waterdeellijn"
    PROCESSING 'NATIVE_FILTER=minscaledenom <= %scale% AND maxscaledenom > %scale%'
    PROCESSING "CLOSE_CONNECTION=DEFER"
    TEMPLATE "dummy"

    MINSCALEDENOM 0
    MAXSCALEDENOM 48000

    CLASSITEM viscode
    CLASS
      # waterloop (3-6m)
      NAME "16020"
      EXPRESSION "16020"
      STYLE
        COLOR "#80BDE3"
        WIDTH 0.2
        LINECAP round
        LINEJOIN miter
        MINSCALEDENOM 24000
        MAXSCALEDENOM 48000
      END
      STYLE
        COLOR "#80BDE3"
        WIDTH 0.5
        LINECAP round
        LINEJOIN miter
        MINSCALEDENOM 0
        MAXSCALEDENOM 24000
      END
    END
    CLASS
      # waterloop (0,5-3m)
      NAME "16010"
      EXPRESSION "16010"
      STYLE
        COLOR "#80BDE3"
        WIDTH 0.1
        LINECAP round
        LINEJOIN miter
        MINSCALEDENOM 24000
        MAXSCALEDENOM 48000
      END
      STYLE
        COLOR "#80BDE3"
        WIDTH 0.5
        LINECAP round
        LINEJOIN miter
        MINSCALEDENOM 0
        MAXSCALEDENOM 24000
      END
    END
  END # LAYER

  # registratiefgebiedlijn
  LAYER
    NAME "registratiefgebiedlijn"
    TYPE LINE
    EXTENT -1000000 -1000000 1150000 1900000

    METADATA
      "ows_title" "registratiefgebiedlijn"
    END

    SCALETOKEN
      NAME "%scale%"
      VALUES
        "0"        "0"
        "750"      "750"
        "1500"     "1500"
        "3000"     "3000"
        "6000"     "6000"
        "12000"    "12000"
        "24000"    "24000"
        "48000"    "48000"
        "96000"    "96000"
        "192000"   "192000"
        "384000"   "384000"
        "768000"   "768000"
        "1536000"  "1536000"
        "3072000"  "3072000"
        "6144000"  "6144000"
        "12288000" "12288000"
      END # VALUES
    END # SCALETOKEN

    CONNECTIONTYPE OGR
    CONNECTION "/srv/data/gpkg/brtachtergrondkaart.gpkg"
    DATA "registratiefgebiedlijn"
    PROCESSING 'NATIVE_FILTER=minscaledenom <= %scale% AND maxscaledenom > %scale%'
    PROCESSING "CLOSE_CONNECTION=DEFER"
    TEMPLATE "dummy"

    MINSCALEDENOM 0
    MAXSCALEDENOM 12288000

    CLASSITEM viscode
    CLASS
      # landsgrens
      NAME "18080"
      EXPRESSION "18080"
      STYLE
        COLOR "#808080"
        WIDTH 0.2
        MINSCALEDENOM 96000
        MAXSCALEDENOM 12288000
        ANTIALIAS TRUE
      END
      STYLE
        COLOR "#808080"
        WIDTH 0.1
        MINSCALEDENOM 0
        MAXSCALEDENOM 96000
        ANTIALIAS TRUE
      END
    END
    CLASS
      # landsgrens (NL-BE, NL-DE)
      NAME "18089"
      EXPRESSION "18089"
      STYLE
        COLOR "#B2B2B2"
        WIDTH 1
        MINSCALEDENOM 96000
        MAXSCALEDENOM 12288000
        ANTIALIAS TRUE
      END
      STYLE
        COLOR "#B2B2B2"
        WIDTH 0.5
        MINSCALEDENOM 0
        MAXSCALEDENOM 96000
        ANTIALIAS TRUE
      END
    END
    CLASS
      # provinciegrens
      NAME "18040"
      EXPRESSION "18040"
      STYLE
        COLOR "#B2B2B2"
        WIDTH 0.4
        PATTERN 5.0 2.0 END
        MINSCALEDENOM 96000
        MAXSCALEDENOM 12288000
        ANTIALIAS TRUE
      END
      STYLE
        COLOR "#B2B2B2"
        WIDTH 0.1
        PATTERN 5.0 2.0 END
        MINSCALEDENOM 0
        MAXSCALEDENOM 96000
        ANTIALIAS TRUE
      END
    END
  END # LAYER

  # wegdeellijn
  LAYER
    NAME "wegdeellijn"
    STATUS ON
    TYPE LINE
    EXTENT -1000000 -1000000 1150000 1900000

    METADATA
      "ows_title" "wegdeellijn"
    END

    SCALETOKEN
      NAME "%scale%"
      VALUES
        "0"        "0"
        "750"      "750"
        "1500"     "1500"
        "3000"     "3000"
        "6000"     "6000"
        "12000"    "12000"
        "24000"    "24000"
        "48000"    "48000"
        "96000"    "96000"
        "192000"   "192000"
        "384000"   "384000"
        "768000"   "768000"
        "1536000"  "1536000"
        "3072000"  "3072000"
        "6144000"  "6144000"
      END # VALUES
    END # SCALETOKEN

    CONNECTIONTYPE OGR
    CONNECTION "/srv/data/gpkg/brtachtergrondkaart.gpkg"
    DATA "wegdeellijn"
    PROCESSING 'NATIVE_FILTER=minscaledenom <= %scale% AND maxscaledenom > %scale%'
    PROCESSING "CLOSE_CONNECTION=DEFER"
    PROCESSING "LABEL_NO_CLIP=ON"
    TEMPLATE "dummy"

    MINSCALEDENOM 0
    MAXSCALEDENOM 6144000

    CLASSITEM viscode
    CLASS
      # E-wegen
      NAME "12001"
      EXPRESSION "12001"
      STYLE
        COLOR "#E69800"
        WIDTH 2
        LINECAP round
        LINEJOIN miter
        MINSCALEDENOM 3072000
        MAXSCALEDENOM 6144000
        ANTIALIAS TRUE
      END
      STYLE
        COLOR "#FCEF84"
        LINECAP round
        LINEJOIN miter
        MINSCALEDENOM 3072000
        MAXSCALEDENOM 6144000
        ANTIALIAS TRUE
      END
    END
    CLASS
      # autosnelweg
      NAME "12000"
      EXPRESSION "12000"
      STYLE
        COLOR "#E69800"
        WIDTH 2
        LINECAP round
        LINEJOIN miter
        MINSCALEDENOM 1536000
        MAXSCALEDENOM 3072000
        ANTIALIAS TRUE
      END
      STYLE
        COLOR "#FCEF84"
        LINECAP round
        LINEJOIN miter
        MINSCALEDENOM 1536000
        MAXSCALEDENOM 3072000
        ANTIALIAS TRUE
      END
      STYLE
        COLOR "#E69800"
        WIDTH 3
        LINECAP round
        LINEJOIN miter
        MINSCALEDENOM 192000
        MAXSCALEDENOM 3072000
        ANTIALIAS TRUE
      END
      STYLE
        COLOR "#FCEF84"
        WIDTH 1.5
        LINECAP round
        LINEJOIN miter
        MINSCALEDENOM 192000
        MAXSCALEDENOM 3072000
        ANTIALIAS TRUE
      END
      STYLE
        COLOR "#E69800"
        WIDTH 4
        LINEJOIN miter
        MINSCALEDENOM 96000
        MAXSCALEDENOM 384000
        ANTIALIAS TRUE
      END
      STYLE
        COLOR "#F9E11E"
        WIDTH 2
        LINECAP round
        MINSCALEDENOM 96000
        MAXSCALEDENOM 384000
        ANTIALIAS TRUE
      END
      STYLE
        COLOR "#E69800"
        WIDTH 5
        LINECAP round
        MINSCALEDENOM 48000
        MAXSCALEDENOM 192000
        ANTIALIAS TRUE
      END
      STYLE
        COLOR "#F9E11E"
        WIDTH 2
        LINECAP round
        MINSCALEDENOM 48000
        MAXSCALEDENOM 192000
        ANTIALIAS TRUE
      END
      STYLE
        COLOR "#E69800"
        WIDTH 5
        LINECAP round
        MINSCALEDENOM 48000
        MAXSCALEDENOM 192000
        ANTIALIAS TRUE
      END
      STYLE
        COLOR "#F9E11E"
        WIDTH 3
        LINECAP round
        MINSCALEDENOM 48000
        MAXSCALEDENOM 192000
        ANTIALIAS TRUE
      END
      STYLE
        COLOR "#E17000"
        WIDTH 7
        LINECAP round
        LINEJOIN miter
        MINSCALEDENOM 12000
        MAXSCALEDENOM 96000
        ANTIALIAS TRUE
      END
      STYLE
        COLOR "#F9E11E"
        WIDTH 4
        LINECAP round
        LINEJOIN miter
        MINSCALEDENOM 12000
        MAXSCALEDENOM 96000
        ANTIALIAS TRUE
      END
    END
    CLASS
      # autosnelweg op brug
      NAME "12007"
      EXPRESSION "12007"
      STYLE
        COLOR "#E69800"
        WIDTH 2
        LINECAP round
        LINEJOIN miter
        MINSCALEDENOM 1536000
        MAXSCALEDENOM 3072000
        ANTIALIAS TRUE
      END
      STYLE
        COLOR "#FCEF84"
        LINECAP round
        LINEJOIN miter
        MINSCALEDENOM 1536000
        MAXSCALEDENOM 3072000
        ANTIALIAS TRUE
      END
      STYLE
        COLOR "#E69800"
        WIDTH 3
        LINECAP round
        LINEJOIN miter
        MINSCALEDENOM 192000
        MAXSCALEDENOM 3072000
        ANTIALIAS TRUE
      END
      STYLE
        COLOR "#FCEF84"
        WIDTH 1.5
        LINECAP round
        LINEJOIN miter
        MINSCALEDENOM 192000
        MAXSCALEDENOM 3072000
        ANTIALIAS TRUE
      END
      STYLE
        COLOR "#E69800"
        WIDTH 4
        LINEJOIN miter
        MINSCALEDENOM 96000
        MAXSCALEDENOM 384000
        ANTIALIAS TRUE
      END
      STYLE
        COLOR "#F9E11E"
        WIDTH 2
        LINECAP round
        MINSCALEDENOM 96000
        MAXSCALEDENOM 384000
        ANTIALIAS TRUE
      END
      STYLE
        COLOR "#E69800"
        WIDTH 5
        LINECAP round
        MINSCALEDENOM 48000
        MAXSCALEDENOM 192000
        ANTIALIAS TRUE
      END
      STYLE
        COLOR "#F9E11E"
        WIDTH 2
        LINECAP round
        MINSCALEDENOM 48000
        MAXSCALEDENOM 192000
        ANTIALIAS TRUE
      END
      STYLE
        COLOR "#E69800"
        WIDTH 5
        LINECAP round
        MINSCALEDENOM 48000
        MAXSCALEDENOM 192000
        ANTIALIAS TRUE
      END
      STYLE
        COLOR "#F9E11E"
        WIDTH 3
        LINECAP round
        MINSCALEDENOM 48000
        MAXSCALEDENOM 192000
        ANTIALIAS TRUE
      END
      STYLE
        COLOR "#E17000"
        WIDTH 7
        LINECAP round
        LINEJOIN miter
        MINSCALEDENOM 12000
        MAXSCALEDENOM 96000
        ANTIALIAS TRUE
      END
      STYLE
        COLOR "#F9E11E"
        WIDTH 4
        LINECAP round
        LINEJOIN miter
        MINSCALEDENOM 12000
        MAXSCALEDENOM 96000
        ANTIALIAS TRUE
      END
    END
    CLASS
      # hoofdweg
      NAME "12100"
      EXPRESSION "12100"
      STYLE
        COLOR "#F9E11E"
        WIDTH 0.75
        LINECAP round
        LINEJOIN miter
        MINSCALEDENOM 384000
        MAXSCALEDENOM 3072000
        ANTIALIAS TRUE
      END
      STYLE
        COLOR "#D1C1BE"
        WIDTH 4.5
        LINECAP round
        LINEJOIN miter
        MINSCALEDENOM 192000
        MAXSCALEDENOM 384000
        ANTIALIAS TRUE
      END
      STYLE
        COLOR "#FCEF84"
        WIDTH 2.25
        LINECAP round
        LINEJOIN miter
        MINSCALEDENOM 192000
        MAXSCALEDENOM 384000
        ANTIALIAS TRUE
      END
      STYLE
        COLOR "#D1C1BE"
        WIDTH 4
        LINECAP round
        MINSCALEDENOM 96000
        MAXSCALEDENOM 384000
        ANTIALIAS TRUE
      END
      STYLE
        COLOR "#FCEF84"
        WIDTH 2
        LINECAP round
        MINSCALEDENOM 96000
        MAXSCALEDENOM 384000
        ANTIALIAS TRUE
      END
      STYLE
        COLOR "#D1C1BE"
        WIDTH 5
        LINEJOIN miter
        MINSCALEDENOM 48000
        MAXSCALEDENOM 192000
        ANTIALIAS TRUE
      END
      STYLE
        COLOR "#FCEF84"
        WIDTH 3
        LINECAP round
        MINSCALEDENOM 48000
        MAXSCALEDENOM 192000
        ANTIALIAS TRUE
      END
      STYLE
        COLOR "#FCEF84"
        WIDTH 3
        LINECAP round
        MINSCALEDENOM 48000
        MAXSCALEDENOM 192000
        ANTIALIAS TRUE
      END
      STYLE
        COLOR "#D1C1BE"
        WIDTH 5
        LINECAP round
        MINSCALEDENOM 12000
        MAXSCALEDENOM 96000
        ANTIALIAS TRUE
      END
      STYLE
        COLOR "#FCEF84"
        WIDTH 2.5
        LINECAP round
        LINEJOIN miter
        MINSCALEDENOM 12000
        MAXSCALEDENOM 96000
        ANTIALIAS TRUE
      END
    END
    CLASS
      # hoofdweg op brug
      NAME "12107"
      EXPRESSION "12107"
      STYLE
        COLOR "#F9E11E"
        WIDTH 0.75
        LINECAP round
        LINEJOIN miter
        MINSCALEDENOM 384000
        MAXSCALEDENOM 3072000
        ANTIALIAS TRUE
      END
      STYLE
        COLOR "#D1C1BE"
        WIDTH 4.5
        LINECAP round
        LINEJOIN miter
        MINSCALEDENOM 192000
        MAXSCALEDENOM 384000
        ANTIALIAS TRUE
      END
      STYLE
        COLOR "#FCEF84"
        WIDTH 2.25
        LINECAP round
        LINEJOIN miter
        MINSCALEDENOM 192000
        MAXSCALEDENOM 384000
        ANTIALIAS TRUE
      END
      STYLE
        COLOR "#D1C1BE"
        WIDTH 4
        LINECAP round
        MINSCALEDENOM 96000
        MAXSCALEDENOM 384000
        ANTIALIAS TRUE
      END
      STYLE
        COLOR "#FCEF84"
        WIDTH 2
        LINECAP round
        MINSCALEDENOM 96000
        MAXSCALEDENOM 384000
        ANTIALIAS TRUE
      END
      STYLE
        COLOR "#D1C1BE"
        WIDTH 5
        LINEJOIN miter
        MINSCALEDENOM 48000
        MAXSCALEDENOM 192000
        ANTIALIAS TRUE
      END
      STYLE
        COLOR "#FCEF84"
        WIDTH 3
        LINECAP round
        MINSCALEDENOM 48000
        MAXSCALEDENOM 192000
        ANTIALIAS TRUE
      END
      STYLE
        COLOR "#FCEF84"
        WIDTH 3
        LINECAP round
        MINSCALEDENOM 48000
        MAXSCALEDENOM 192000
        ANTIALIAS TRUE
      END
      STYLE
        COLOR "#D1C1BE"
        WIDTH 5
        LINECAP round
        MINSCALEDENOM 12000
        MAXSCALEDENOM 96000
        ANTIALIAS TRUE
      END
      STYLE
        COLOR "#FCEF84"
        WIDTH 2.5
        LINECAP round
        LINEJOIN miter
        MINSCALEDENOM 12000
        MAXSCALEDENOM 96000
        ANTIALIAS TRUE
      END
    END
    CLASS
      # autosnelweg oprit/afrit
      NAME "12009"
      EXPRESSION "12009"
      STYLE
        COLOR "#E69800"
        WIDTH 3
        LINECAP round
        LINEJOIN miter
        MINSCALEDENOM 192000
        MAXSCALEDENOM 1536000
        ANTIALIAS TRUE
      END
      STYLE
        COLOR "#FCEF84"
        WIDTH 1.5
        LINECAP round
        LINEJOIN miter
        MINSCALEDENOM 192000
        MAXSCALEDENOM 1536000
        ANTIALIAS TRUE
      END
      STYLE
        COLOR "#E69800"
        WIDTH 4
        LINECAP round
        MINSCALEDENOM 96000
        MAXSCALEDENOM 384000
        ANTIALIAS TRUE
      END
      STYLE
        COLOR "#F9E11E"
        WIDTH 2
        LINECAP round
        MINSCALEDENOM 96000
        MAXSCALEDENOM 384000
        ANTIALIAS TRUE
      END
      STYLE
        COLOR "#B7FCB6"
        MINSCALEDENOM 48000
        MAXSCALEDENOM 192000
        ANTIALIAS TRUE
      END
      STYLE
        COLOR "#E69800"
        WIDTH 3
        LINECAP round
        MINSCALEDENOM 48000
        MAXSCALEDENOM 192000
        ANTIALIAS TRUE
      END
      STYLE
        COLOR "#F9E11E"
        MINSCALEDENOM 48000
        MAXSCALEDENOM 192000
        ANTIALIAS TRUE
      END
      STYLE
        COLOR "#F9E11E"
        MINSCALEDENOM 48000
        MAXSCALEDENOM 192000
        ANTIALIAS TRUE
      END
      STYLE
        COLOR "#E17000"
        WIDTH 4
        LINECAP round
        MINSCALEDENOM 12000
        MAXSCALEDENOM 96000
        ANTIALIAS TRUE
      END
      STYLE
        COLOR "#F9E11E"
        WIDTH 2
        LINECAP round
        MINSCALEDENOM 12000
        MAXSCALEDENOM 96000
        ANTIALIAS TRUE
      END
    END
    CLASS
      # hoofdweg oprit/afrit
      NAME "12109"
      EXPRESSION "12109"
      STYLE
        COLOR "#D1C1BE"
        WIDTH 3
        LINECAP round
        MINSCALEDENOM 96000
        MAXSCALEDENOM 384000
        ANTIALIAS TRUE
      END
      STYLE
        COLOR "#FCEF84"
        WIDTH 1.5
        LINECAP round
        MINSCALEDENOM 96000
        MAXSCALEDENOM 384000
        ANTIALIAS TRUE
      END
      STYLE
        COLOR "#D1C1BE"
        WIDTH 3
        LINECAP round
        MINSCALEDENOM 48000
        MAXSCALEDENOM 192000
        ANTIALIAS TRUE
      END
      STYLE
        COLOR "#FCEF84"
        WIDTH 1.5
        LINECAP round
        MINSCALEDENOM 48000
        MAXSCALEDENOM 192000
        ANTIALIAS TRUE
      END
      STYLE
        COLOR "#D1C1BE"
        WIDTH 3
        LINECAP round
        MINSCALEDENOM 12000
        MAXSCALEDENOM 96000
        ANTIALIAS TRUE
      END
      STYLE
        COLOR "#FCEF84"
        WIDTH 1.5
        LINECAP round
        MINSCALEDENOM 12000
        MAXSCALEDENOM 96000
        ANTIALIAS TRUE
      END
    END
    CLASS
      # regionale weg
      NAME "12750"
      EXPRESSION "12750"
      STYLE
        COLOR "#00258A"
        LINECAP round
        LINEJOIN miter
        MINSCALEDENOM 192000
        MAXSCALEDENOM 768000
        ANTIALIAS TRUE
      END
      STYLE
        COLOR "#D1C1BE"
        WIDTH 3
        LINECAP round
        MINSCALEDENOM 96000
        MAXSCALEDENOM 384000
        ANTIALIAS TRUE
      END
      STYLE
        COLOR "#FFFFBE"
        WIDTH 1.5
        LINECAP round
        MINSCALEDENOM 96000
        MAXSCALEDENOM 384000
        ANTIALIAS TRUE
      END
      STYLE
        COLOR "#D1C1BE"
        WIDTH 3
        LINEJOIN miter
        MINSCALEDENOM 48000
        MAXSCALEDENOM 192000
        ANTIALIAS TRUE
      END
      STYLE
        COLOR "#FCEF84"
        WIDTH 1.5
        LINECAP round
        MINSCALEDENOM 48000
        MAXSCALEDENOM 192000
        ANTIALIAS TRUE
      END
      STYLE
        COLOR "#D1C1BE"
        WIDTH 4
        LINECAP round
        MINSCALEDENOM 24000
        MAXSCALEDENOM 96000
        ANTIALIAS TRUE
      END
      STYLE
        COLOR "#FCEF84"
        WIDTH 2
        LINECAP round
        LINEJOIN miter
        MINSCALEDENOM 24000
        MAXSCALEDENOM 96000
        ANTIALIAS TRUE
      END
      STYLE
        COLOR "#D1C1BE"
        WIDTH 6
        LINECAP round
        MINSCALEDENOM 12000
        MAXSCALEDENOM 48000
        ANTIALIAS TRUE
      END
      STYLE
        COLOR "#FCEF84"
        WIDTH 4
        LINECAP round
        LINEJOIN miter
        MINSCALEDENOM 12000
        MAXSCALEDENOM 48000
        ANTIALIAS TRUE
      END
    END
    CLASS
      # regionale weg op brug
      NAME "12757"
      EXPRESSION "12757"
      STYLE
        COLOR "#00258A"
        LINECAP round
        LINEJOIN miter
        MINSCALEDENOM 192000
        MAXSCALEDENOM 768000
        ANTIALIAS TRUE
      END
      STYLE
        COLOR "#D1C1BE"
        WIDTH 3
        LINECAP round
        MINSCALEDENOM 96000
        MAXSCALEDENOM 384000
        ANTIALIAS TRUE
      END
      STYLE
        COLOR "#FFFFBE"
        WIDTH 1.5
        LINECAP round
        MINSCALEDENOM 96000
        MAXSCALEDENOM 384000
        ANTIALIAS TRUE
      END
      STYLE
        COLOR "#D1C1BE"
        WIDTH 3
        LINEJOIN miter
        MINSCALEDENOM 48000
        MAXSCALEDENOM 192000
        ANTIALIAS TRUE
      END
      STYLE
        COLOR "#FCEF84"
        WIDTH 1.5
        LINECAP round
        MINSCALEDENOM 48000
        MAXSCALEDENOM 192000
        ANTIALIAS TRUE
      END
      STYLE
        COLOR "#D1C1BE"
        WIDTH 4
        LINECAP round
        MINSCALEDENOM 24000
        MAXSCALEDENOM 96000
        ANTIALIAS TRUE
      END
      STYLE
        COLOR "#FCEF84"
        WIDTH 2
        LINECAP round
        LINEJOIN miter
        MINSCALEDENOM 24000
        MAXSCALEDENOM 96000
        ANTIALIAS TRUE
      END
      STYLE
        COLOR "#D1C1BE"
        WIDTH 6
        LINECAP round
        MINSCALEDENOM 12000
        MAXSCALEDENOM 48000
        ANTIALIAS TRUE
      END
      STYLE
        COLOR "#FCEF84"
        WIDTH 4
        LINECAP round
        LINEJOIN miter
        MINSCALEDENOM 12000
        MAXSCALEDENOM 48000
        ANTIALIAS TRUE
      END
    END
    CLASS
      # autosnelweg in tunnel
      NAME "12008"
      EXPRESSION "12008"
      STYLE
        COLOR "#CCCCCC"
        WIDTH 4
        LINECAP round
        MINSCALEDENOM 96000
        MAXSCALEDENOM 384000
        ANTIALIAS TRUE
      END
      STYLE
        COLOR "#E1E1E1"
        WIDTH 2
        LINECAP round
        MINSCALEDENOM 96000
        MAXSCALEDENOM 384000
        ANTIALIAS TRUE
      END
      STYLE
        COLOR "#CCCCCC"
        WIDTH 5
        LINEJOIN miter
        MINSCALEDENOM 48000
        MAXSCALEDENOM 192000
        ANTIALIAS TRUE
      END
      STYLE
        COLOR "#E1E1E1"
        WIDTH 3
        LINEJOIN miter
        MINSCALEDENOM 48000
        MAXSCALEDENOM 192000
        ANTIALIAS TRUE
      END
      STYLE
        COLOR "#CCCCCC"
        WIDTH 7
        LINECAP round
        MINSCALEDENOM 12000
        MAXSCALEDENOM 96000
        ANTIALIAS TRUE
      END
      STYLE
        COLOR "#E1E1E1"
        WIDTH 4
        LINECAP round
        MINSCALEDENOM 12000
        MAXSCALEDENOM 96000
        ANTIALIAS TRUE
      END
    END
    CLASS
      # hoofdweg in tunnel
      NAME "12108"
      EXPRESSION "12108"
      STYLE
        COLOR "#CCCCCC"
        WIDTH 4
        LINECAP round
        MINSCALEDENOM 96000
        MAXSCALEDENOM 384000
        ANTIALIAS TRUE
      END
      STYLE
        COLOR "#CCCCCC"
        WIDTH 5
        LINEJOIN miter
        MINSCALEDENOM 48000
        MAXSCALEDENOM 192000
        ANTIALIAS TRUE
      END
      STYLE
        COLOR "#E1E1E1"
        WIDTH 3
        LINEJOIN miter
        MINSCALEDENOM 48000
        MAXSCALEDENOM 192000
        ANTIALIAS TRUE
      END
      STYLE
        COLOR "#CCCCCC"
        WIDTH 5
        LINECAP round
        MINSCALEDENOM 12000
        MAXSCALEDENOM 96000
        ANTIALIAS TRUE
      END
      STYLE
        COLOR "#E1E1E1"
        WIDTH 2.5
        LINECAP round
        MINSCALEDENOM 12000
        MAXSCALEDENOM 96000
        ANTIALIAS TRUE
      END
    END
    CLASS
      # regionale weg in tunnel
      NAME "12758"
      EXPRESSION "12758"
      STYLE
        COLOR "#CCCCCC"
        WIDTH 4
        LINECAP round
        MINSCALEDENOM 96000
        MAXSCALEDENOM 384000
        ANTIALIAS TRUE
      END
      STYLE
        COLOR "#E1E1E1"
        WIDTH 2
        LINECAP round
        MINSCALEDENOM 96000
        MAXSCALEDENOM 384000
        ANTIALIAS TRUE
      END
      STYLE
        COLOR "#CCCCCC"
        WIDTH 3
        LINEJOIN miter
        MINSCALEDENOM 48000
        MAXSCALEDENOM 192000
        ANTIALIAS TRUE
      END
      STYLE
        COLOR "#E1E1E1"
        WIDTH 1.5
        LINEJOIN miter
        MINSCALEDENOM 48000
        MAXSCALEDENOM 192000
        ANTIALIAS TRUE
      END
      STYLE
        COLOR "#CCCCCC"
        WIDTH 6
        LINECAP round
        MINSCALEDENOM 12000
        MAXSCALEDENOM 96000
        ANTIALIAS TRUE
      END
      STYLE
        COLOR "#E1E1E1"
        WIDTH 4
        LINECAP round
        MINSCALEDENOM 12000
        MAXSCALEDENOM 96000
        ANTIALIAS TRUE
      END
    END
    CLASS
      # lokale weg in tunnel
      NAME "12088"
      EXPRESSION "12088"
      STYLE
        COLOR "#CCCCCC"
        WIDTH 2
        LINECAP round
        MINSCALEDENOM 96000
        MAXSCALEDENOM 384000
        ANTIALIAS TRUE
      END
      STYLE
        COLOR "#CCCCCC"
        WIDTH 3
        LINEJOIN miter
        MINSCALEDENOM 48000
        MAXSCALEDENOM 192000
        ANTIALIAS TRUE
      END
      STYLE
        COLOR "#E1E1E1"
        WIDTH 1.5
        LINEJOIN miter
        MINSCALEDENOM 48000
        MAXSCALEDENOM 192000
        ANTIALIAS TRUE
      END
      STYLE
        COLOR "#CCCCCC"
        WIDTH 3
        LINECAP round
        MINSCALEDENOM 24000
        MAXSCALEDENOM 96000
        ANTIALIAS TRUE
      END
      STYLE
        COLOR "#E1E1E1"
        WIDTH 2
        LINECAP round
        MINSCALEDENOM 24000
        MAXSCALEDENOM 96000
        ANTIALIAS TRUE
      END
      STYLE
        COLOR "#CCCCCC"
        WIDTH 4
        LINECAP round
        MINSCALEDENOM 12000
        MAXSCALEDENOM 48000
        ANTIALIAS TRUE
      END
      STYLE
        COLOR "#E1E1E1"
        WIDTH 2
        LINECAP round
        MINSCALEDENOM 12000
        MAXSCALEDENOM 48000
        ANTIALIAS TRUE
      END
    END
    CLASS
      # lokale weg
      NAME "12080"
      EXPRESSION "12080"
      STYLE
        COLOR "#D1C1BE"
        WIDTH 0.2
        MINSCALEDENOM 96000
        MAXSCALEDENOM 384000
        ANTIALIAS TRUE
      END
      STYLE
        COLOR "#D1C1BE"
        WIDTH 3
        LINEJOIN miter
        MINSCALEDENOM 48000
        MAXSCALEDENOM 192000
        ANTIALIAS TRUE
      END
      STYLE
        COLOR "#FFFFFF"
        WIDTH 1.5
        LINECAP round
        MINSCALEDENOM 48000
        MAXSCALEDENOM 192000
        ANTIALIAS TRUE
      END
      STYLE
        COLOR "#D1C1BE"
        WIDTH 3
        LINECAP round
        MINSCALEDENOM 24000
        MAXSCALEDENOM 96000
        ANTIALIAS TRUE
      END
      STYLE
        COLOR "#FFFFFF"
        WIDTH 1.5
        LINECAP round
        LINEJOIN miter
        MINSCALEDENOM 24000
        MAXSCALEDENOM 96000
        ANTIALIAS TRUE
      END
      STYLE
        COLOR "#D1C1BE"
        WIDTH 4
        LINECAP round
        MINSCALEDENOM 12000
        MAXSCALEDENOM 48000
        ANTIALIAS TRUE
      END
      STYLE
        COLOR "#FFFFFF"
        WIDTH 2
        LINECAP round
        LINEJOIN miter
        MINSCALEDENOM 12000
        MAXSCALEDENOM 48000
        ANTIALIAS TRUE
      END
    END
    CLASS
      # lokale weg op brug
      NAME "12087"
      EXPRESSION "12087"
      STYLE
        COLOR "#D1C1BE"
        WIDTH 0.2
        MINSCALEDENOM 96000
        MAXSCALEDENOM 384000
        ANTIALIAS TRUE
      END
      STYLE
        COLOR "#D1C1BE"
        WIDTH 3
        LINEJOIN miter
        MINSCALEDENOM 48000
        MAXSCALEDENOM 192000
        ANTIALIAS TRUE
      END
      STYLE
        COLOR "#FFFFFF"
        WIDTH 1.5
        LINECAP round
        MINSCALEDENOM 48000
        MAXSCALEDENOM 192000
        ANTIALIAS TRUE
      END
      STYLE
        COLOR "#D1C1BE"
        WIDTH 3
        LINECAP round
        MINSCALEDENOM 24000
        MAXSCALEDENOM 96000
        ANTIALIAS TRUE
      END
      STYLE
        COLOR "#FFFFFF"
        WIDTH 1.5
        LINECAP round
        LINEJOIN miter
        MINSCALEDENOM 24000
        MAXSCALEDENOM 96000
        ANTIALIAS TRUE
      END
      STYLE
        COLOR "#D1C1BE"
        WIDTH 4
        LINECAP round
        MINSCALEDENOM 12000
        MAXSCALEDENOM 48000
        ANTIALIAS TRUE
      END
      STYLE
        COLOR "#FFFFFF"
        WIDTH 2
        LINECAP round
        LINEJOIN miter
        MINSCALEDENOM 12000
        MAXSCALEDENOM 48000
        ANTIALIAS TRUE
      END
    END
    CLASS
      # regionale weg oprit/afrit
      NAME "12759"
      EXPRESSION "12759"
      STYLE
        COLOR "#D1C1BE"
        WIDTH 3
        LINECAP round
        MINSCALEDENOM 48000
        MAXSCALEDENOM 192000
        ANTIALIAS TRUE
      END
      STYLE
        COLOR "#FCEF84"
        WIDTH 1.5
        LINECAP round
        MINSCALEDENOM 48000
        MAXSCALEDENOM 192000
        ANTIALIAS TRUE
      END
      STYLE
        COLOR "#D1C1BE"
        WIDTH 3
        LINECAP round
        MINSCALEDENOM 12000
        MAXSCALEDENOM 96000
        ANTIALIAS TRUE
      END
      STYLE
        COLOR "#FCEF84"
        WIDTH 1.5
        LINECAP round
        MINSCALEDENOM 12000
        MAXSCALEDENOM 96000
        ANTIALIAS TRUE
      END
    END
    CLASS
      # lokale weg oprit/afrit
      NAME "12089"
      EXPRESSION "12089"
      STYLE
        COLOR "#D1C1BE"
        WIDTH 2.2
        LINECAP round
        MINSCALEDENOM 48000
        MAXSCALEDENOM 192000
        ANTIALIAS TRUE
      END
      STYLE
        COLOR "#FFFFFF"
        WIDTH 1.2
        LINECAP round
        MINSCALEDENOM 48000
        MAXSCALEDENOM 192000
        ANTIALIAS TRUE
      END
      STYLE
        COLOR "#D1C1BE"
        WIDTH 2.2
        LINECAP round
        MINSCALEDENOM 12000
        MAXSCALEDENOM 96000
        ANTIALIAS TRUE
      END
      STYLE
        COLOR "#FFFFFF"
        WIDTH 1.2
        LINECAP round
        MINSCALEDENOM 12000
        MAXSCALEDENOM 96000
        ANTIALIAS TRUE
      END
    END
    CLASS
      # straat in tunnel
      NAME "13538"
      EXPRESSION "13538"
      STYLE
        COLOR "#CCCCCC"
        WIDTH 2.2
        LINECAP round
        MINSCALEDENOM 24000
        MAXSCALEDENOM 96000
        ANTIALIAS TRUE
      END
      STYLE
        COLOR "#E1E1E1"
        WIDTH 1.2
        LINECAP round
        MINSCALEDENOM 24000
        MAXSCALEDENOM 96000
        ANTIALIAS TRUE
      END
      STYLE
        COLOR "#CCCCCC"
        WIDTH 4
        LINECAP round
        MINSCALEDENOM 12000
        MAXSCALEDENOM 48000
        ANTIALIAS TRUE
      END
      STYLE
        COLOR "#E1E1E1"
        WIDTH 2
        LINECAP round
        MINSCALEDENOM 12000
        MAXSCALEDENOM 48000
        ANTIALIAS TRUE
      END
    END
    CLASS
      # straat
      NAME "13530"
      EXPRESSION "13530"
      STYLE
        COLOR "#E3DCE7"
        WIDTH 2.2
        LINECAP round
        MINSCALEDENOM 24000
        MAXSCALEDENOM 96000
        ANTIALIAS TRUE
      END
      STYLE
        COLOR "#FFFFFF"
        WIDTH 1.2
        LINECAP round
        LINEJOIN miter
        MINSCALEDENOM 24000
        MAXSCALEDENOM 96000
        ANTIALIAS TRUE
      END
      STYLE
        COLOR "#E3DCE7"
        WIDTH 4
        LINECAP round
        MINSCALEDENOM 12000
        MAXSCALEDENOM 48000
        ANTIALIAS TRUE
      END
      STYLE
        COLOR "#FFFFFF"
        WIDTH 2
        LINECAP round
        LINEJOIN miter
        MINSCALEDENOM 12000
        MAXSCALEDENOM 48000
        ANTIALIAS TRUE
      END
    END
    CLASS
      # straat op brug
      NAME "13537"
      EXPRESSION "13537"
      STYLE
        COLOR "#E3DCE7"
        WIDTH 2.2
        LINECAP round
        MINSCALEDENOM 24000
        MAXSCALEDENOM 96000
        ANTIALIAS TRUE
      END
      STYLE
        COLOR "#FFFFFF"
        WIDTH 1.2
        LINECAP round
        LINEJOIN miter
        MINSCALEDENOM 24000
        MAXSCALEDENOM 96000
        ANTIALIAS TRUE
      END
      STYLE
        COLOR "#E3DCE7"
        WIDTH 4
        LINECAP round
        MINSCALEDENOM 12000
        MAXSCALEDENOM 48000
        ANTIALIAS TRUE
      END
      STYLE
        COLOR "#FFFFFF"
        WIDTH 2
        LINECAP round
        LINEJOIN miter
        MINSCALEDENOM 12000
        MAXSCALEDENOM 48000
        ANTIALIAS TRUE
      END
    END
    CLASS
      # overig
      NAME "13640"
      EXPRESSION "13640"
      STYLE
        COLOR "#D1C1BE"
        MINSCALEDENOM 12000
        MAXSCALEDENOM 48000
        ANTIALIAS TRUE
      END
    END
    CLASS
      # fietspad
      NAME "13620"
      EXPRESSION "13620"
      STYLE
        COLOR "#D1C1BE"
        WIDTH 2
        LINECAP round
        MINSCALEDENOM 12000
        MAXSCALEDENOM 48000
        ANTIALIAS TRUE
      END
    END
  END # LAYER

  # gebouwvlak
  LAYER
    NAME "gebouwvlak"
    TYPE POLYGON
    EXTENT -1000000 -1000000 1150000 1900000

    METADATA
      "ows_title" "gebouwvlak"
    END

    SCALETOKEN
      NAME "%scale%"
      VALUES
        "0"        "0"
        "750"      "750"
        "1500"     "1500"
        "3000"     "3000"
        "6000"     "6000"
        "12000"    "12000"
        "24000"    "24000"
        "48000"    "48000"
        "96000"    "96000"
        "192000"   "192000"
        "384000"   "384000"
        "768000"   "768000"
        "1536000"  "1536000"
        "3072000"  "3072000"
        "6144000"  "6144000"
      END # VALUES
    END # SCALETOKEN

    CONNECTIONTYPE OGR
    CONNECTION "/srv/data/gpkg/brtachtergrondkaart.gpkg"
    DATA "gebouwvlak"
    PROCESSING 'NATIVE_FILTER=minscaledenom <= %scale% AND maxscaledenom > %scale%'
    PROCESSING "CLOSE_CONNECTION=DEFER"
    TEMPLATE "dummy"

    MINSCALEDENOM 0
    MAXSCALEDENOM 96000

    CLASS
      # alle gebouwen
      NAME "gebouwvlak"
      # geen_expression
      STYLE
        COLOR "#D1D1D1"
      END
    END
  END # LAYER

  # spoorbaandeellijn
  LAYER
    NAME "spoorbaandeellijn"
    STATUS ON
    TYPE LINE
    EXTENT -1000000 -1000000 1150000 1900000

    METADATA
      "ows_title" "spoorbaandeellijn"
    END

    SCALETOKEN
      NAME "%scale%"
      VALUES
        "0"        "0"
        "750"      "750"
        "1500"     "1500"
        "3000"     "3000"
        "6000"     "6000"
        "12000"    "12000"
        "24000"    "24000"
        "48000"    "48000"
        "96000"    "96000"
        "192000"   "192000"
        "384000"   "384000"
        "768000"   "768000"
        "1536000"  "1536000"
        "3072000"  "3072000"
        "6144000"  "6144000"
      END # VALUES
    END # SCALETOKEN

    CONNECTIONTYPE OGR
    CONNECTION "/srv/data/gpkg/brtachtergrondkaart.gpkg"
    DATA "spoorbaandeellijn"
    PROCESSING 'NATIVE_FILTER=minscaledenom <= %scale% AND maxscaledenom > %scale%'
    PROCESSING "CLOSE_CONNECTION=DEFER"
    TEMPLATE "dummy"

    MINSCALEDENOM 0
    MAXSCALEDENOM 768000

    CLASSITEM viscode
    CLASS
      # treinspoor
      NAME "14000"
      EXPRESSION "14000"
      STYLE
        COLOR "#828282"
        WIDTH 2.2
        LINECAP butt
        LINEJOIN miter
        MINSCALEDENOM 384000
        MAXSCALEDENOM 768000
        ANTIALIAS TRUE
      END
      STYLE
        COLOR "#FFFFFF"
        WIDTH 1.1
        LINECAP butt
        LINEJOIN miter
        PATTERN 10 10 END
        LINEJOINMAXSIZE 3
        MINSCALEDENOM 384000
        MAXSCALEDENOM 768000
        ANTIALIAS TRUE
      END
      STYLE
        COLOR "#828282"
        WIDTH 3
        LINECAP butt
        LINEJOIN miter
        MINSCALEDENOM 192000
        MAXSCALEDENOM 384000
        ANTIALIAS TRUE
      END
      STYLE
        COLOR "#FFFFFF"
        WIDTH 1.5
        LINECAP butt
        LINEJOIN miter
        PATTERN 10 10 END
        LINEJOINMAXSIZE 3
        MINSCALEDENOM 192000
        MAXSCALEDENOM 384000
        ANTIALIAS TRUE
      END
      STYLE
        COLOR "#828282"
        WIDTH 3
        LINECAP butt
        LINEJOIN miter
        MINSCALEDENOM 24000
        MAXSCALEDENOM 192000
        ANTIALIAS TRUE
      END
      STYLE
        COLOR "#FFFFFF"
        WIDTH 1.5
        LINECAP butt
        LINEJOIN miter
        PATTERN 10 10 END
        LINEJOINMAXSIZE 3
        MINSCALEDENOM 24000
        MAXSCALEDENOM 192000
        ANTIALIAS TRUE
      END
      STYLE
        COLOR "#828282"
        WIDTH 4
        LINECAP butt
        LINEJOIN miter
        MINSCALEDENOM 12000
        MAXSCALEDENOM 24000
        ANTIALIAS TRUE
      END
      STYLE
        COLOR "#FFFFFF"
        WIDTH 2
        LINECAP butt
        LINEJOIN miter
        PATTERN 44 38 END
        MINSCALEDENOM 12000
        MAXSCALEDENOM 24000
        ANTIALIAS TRUE
      END
      STYLE
        COLOR "#828282"
        WIDTH 5
        LINECAP butt
        LINEJOIN miter
        MINSCALEDENOM 6000
        MAXSCALEDENOM 12000
        ANTIALIAS TRUE
      END
      STYLE
        COLOR "#FFFFFF"
        WIDTH 3
        LINECAP butt
        LINEJOIN miter
        PATTERN 44 38 END
        MINSCALEDENOM 6000
        MAXSCALEDENOM 12000
        ANTIALIAS TRUE
      END
      STYLE
        COLOR "#828282"
        WIDTH 6
        LINECAP butt
        LINEJOIN miter
        MINSCALEDENOM 1500
        MAXSCALEDENOM 6000
        ANTIALIAS TRUE
      END
      STYLE
        COLOR "#FFFFFF"
        WIDTH 4
        LINECAP butt
        LINEJOIN miter
        PATTERN 44 38 END
        MINSCALEDENOM 1500
        MAXSCALEDENOM 6000
        ANTIALIAS TRUE
      END
      STYLE
        COLOR "#828282"
        WIDTH 12
        LINECAP butt
        LINEJOIN miter
        MAXSCALEDENOM 1500
        ANTIALIAS TRUE
      END
      STYLE
        COLOR "#FFFFFF"
        WIDTH 8
        LINECAP butt
        LINEJOIN miter
        PATTERN 44 38 END
        MAXSCALEDENOM 1500
        ANTIALIAS TRUE
      END
    END

    CLASS
      # metro en sneltram
      NAME "14260-14300"
      EXPRESSION /(14260|14300)/
      # EXPRESSION "14260"
      STYLE
        COLOR "#828282"
        WIDTH 4
        LINEJOIN miter
        LINECAP butt
        MINSCALEDENOM 12000
        MAXSCALEDENOM 24000
        ANTIALIAS TRUE
      END
      STYLE
        COLOR "#FFFFFF"
        WIDTH 2
        LINEJOIN miter
        LINECAP butt
        PATTERN 40 10 END
        LINEJOINMAXSIZE 3
        MINSCALEDENOM 12000
        MAXSCALEDENOM 24000
        ANTIALIAS TRUE
      END
      STYLE
        COLOR "#828282"
        WIDTH 5
        LINEJOIN miter
        LINECAP butt
        MINSCALEDENOM 6000
        MAXSCALEDENOM 12000
        ANTIALIAS TRUE
      END
      STYLE
        COLOR "#FFFFFF"
        WIDTH 2.5
        LINEJOIN miter
        LINECAP butt
        PATTERN 60 10 END
        LINEJOINMAXSIZE 3
        MINSCALEDENOM 6000
        MAXSCALEDENOM 12000
        ANTIALIAS TRUE
      END
      STYLE
        COLOR "#828282"
        WIDTH 6
        LINEJOIN miter
        LINECAP butt
        MINSCALEDENOM 1500
        MAXSCALEDENOM 6000
        ANTIALIAS TRUE
      END
      STYLE
        COLOR "#FFFFFF"
        WIDTH 3
        LINEJOIN miter
        LINECAP butt
        PATTERN 60 10 END
        LINEJOINMAXSIZE 3
        MINSCALEDENOM 1500
        MAXSCALEDENOM 6000
        ANTIALIAS TRUE
      END
      STYLE
        COLOR "#828282"
        WIDTH 12
        LINEJOIN miter
        LINECAP butt
        MAXSCALEDENOM 1500
        ANTIALIAS TRUE
      END
      STYLE
        COLOR "#FFFFFF"
        WIDTH 8
        LINEJOIN miter
        LINECAP butt
        PATTERN 90 15 END
        LINEJOINMAXSIZE 3
        MAXSCALEDENOM 1500
        ANTIALIAS TRUE
      END
    END
    CLASS
      # tram
      NAME "14230"
      EXPRESSION "14230"
      STYLE
        COLOR "#828282"
        WIDTH 1.2
        LINEJOIN miter
        LINECAP butt
        MINSCALEDENOM 6000
        MAXSCALEDENOM 12000
        ANTIALIAS TRUE
      END
      STYLE
        COLOR "#828282"
        SYMBOL "tram_streep"
        WIDTH 1.2
        SIZE 5
        GAP -50
        ANGLE 90
        MINSCALEDENOM 6000
        MAXSCALEDENOM 12000
        ANTIALIAS TRUE
      END
      STYLE
        COLOR "#828282"
        WIDTH 1.2
        LINEJOIN miter
        LINECAP butt
        MINSCALEDENOM 1500
        MAXSCALEDENOM 6000
        ANTIALIAS TRUE
      END
      STYLE
        COLOR "#828282"
        SYMBOL "tram_streep"
        WIDTH 1.2
        SIZE 5
        GAP -50
        ANGLE 90
        MINSCALEDENOM 1500
        MAXSCALEDENOM 6000
        ANTIALIAS TRUE
      END
      STYLE
        COLOR "#828282"
        WIDTH 1.2
        LINEJOIN miter
        LINECAP butt
        MAXSCALEDENOM 1500
        ANTIALIAS TRUE
      END
      STYLE
        COLOR "#828282"
        SYMBOL "tram_streep"
        WIDTH 1.2
        SIZE 5
        GAP -80
        ANGLE 90
        MAXSCALEDENOM 1500
        ANTIALIAS TRUE
      END
    END
  END # LAYER

  # inrichtingselementlijn
  LAYER
    NAME "inrichtingselementlijn"
    TYPE LINE
    EXTENT -1000000 -1000000 1150000 1900000

    METADATA
      "ows_title" "inrichtingselementlijn"
    END

    SCALETOKEN
      NAME "%scale%"
      VALUES
        "0"        "0"
        "750"      "750"
        "1500"     "1500"
        "3000"     "3000"
        "6000"     "6000"
        "12000"    "12000"
        "24000"    "24000"
        "48000"    "48000"
        "96000"    "96000"
        "192000"   "192000"
        "384000"   "384000"
        "768000"   "768000"
        "1536000"  "1536000"
        "3072000"  "3072000"
        "6144000"  "6144000"
      END # VALUES
    END # SCALETOKEN

    CONNECTIONTYPE OGR
    CONNECTION "/srv/data/gpkg/brtachtergrondkaart.gpkg"
    DATA "inrichtingselementlijn"
    PROCESSING 'NATIVE_FILTER=minscaledenom <= %scale% AND maxscaledenom > %scale%'
    PROCESSING "CLOSE_CONNECTION=DEFER"
    TEMPLATE "dummy"

    MINSCALEDENOM 0
    MAXSCALEDENOM 96000

    CLASSITEM viscode
    CLASS
      # hekwerk
      NAME "18190"
      EXPRESSION "18190"
      STYLE
        COLOR "#A4A4A4"
        WIDTH 0.5
        LINEJOIN round
      END
    END
    CLASS
      # geluidswering
      NAME "17160"
      EXPRESSION "17160"
      STYLE
        COLOR "#828282"
        WIDTH 1.5
        LINEJOIN miter
      END
    END
    CLASS
      # aanlegsteiger
      NAME "16520"
      EXPRESSION "16520"
      STYLE
        COLOR "#B2B2B2"
        WIDTH 1.5
        LINEJOIN round
      END
    END
    CLASS
      # hoogspanningsleiding
      NAME "14810"
      EXPRESSION "14810"
      STYLE
        COLOR "#828282"
        WIDTH 0.3
        LINEJOIN miter
      END
    END
    CLASS
      # kabelbaan
      NAME "14410"
      EXPRESSION "14410"
      STYLE
        COLOR "#000000"
        WIDTH 0.5
        LINEJOIN round
      END
    END
    CLASS
      # muur
      NAME "11040"
      EXPRESSION "11040"
      STYLE
        COLOR "#A4A4A4"
        WIDTH 0.5
        LINECAP round
        LINEJOIN bevel
      END
    END
  END # LAYER

  # inrichtingselementpunt
  LAYER
    NAME "inrichtingselementpunt"
    TYPE POINT
    EXTENT -1000000 -1000000 1150000 1900000

    METADATA
      "ows_title" "inrichtingselementpunt"
    END

    SCALETOKEN
      NAME "%scale%"
      VALUES
        "0"        "0"
        "750"      "750"
        "1500"     "1500"
        "3000"     "3000"
        "6000"     "6000"
        "12000"    "12000"
        "24000"    "24000"
        "48000"    "48000"
        "96000"    "96000"
        "192000"   "192000"
        "384000"   "384000"
        "768000"   "768000"
        "1536000"  "1536000"
        "3072000"  "3072000"
        "6144000"  "6144000"
      END # VALUES
    END # SCALETOKEN


    CONNECTIONTYPE OGR
    CONNECTION "/srv/data/gpkg/brtachtergrondkaart.gpkg"
    DATA "inrichtingselementpunt"
    PROCESSING 'NATIVE_FILTER=minscaledenom <= %scale% AND maxscaledenom > %scale%'
    PROCESSING "CLOSE_CONNECTION=DEFER"
    TEMPLATE "dummy"

    MINSCALEDENOM 0
    MAXSCALEDENOM 48000

    CLASSITEM viscode
    CLASS
      # hoogspanningsmast
      NAME "14800"
      EXPRESSION "14800"
      STYLE
        COLOR "#828282"
        SYMBOL "circle"
        SIZE 3
      END
    END
  END # LAYER

# 1. THE LEADER LAYER (Calculates everything and checks scale)
# =========================================================================
LAYER
  NAME "straatnamen_liberation"
  LABELITEM "label"
  TYPE LINE                  
  STATUS ON
  EXTENT -1000000 -1000000 1150000 1900000

  CONNECTIONTYPE OGR
  CONNECTION "/srv/data/gpkg/brtachtergrondkaart.gpkg"
  DATA "straatnamen"
  
  PROCESSING 'NATIVE_FILTER=minscaledenom <= %scale% AND maxscaledenom > %scale%'
  PROCESSING "CLOSE_CONNECTION=DEFER"
  PROCESSING "LABEL_NO_CLIP=ON"

  SCALETOKEN
    NAME "%scale%"
    VALUES
      "0" "0"
      "750" "750"
      # ... Keep your scale tokens here ...
      "6144000" "6144000"
    END
  END

  MINSCALEDENOM 0
  MAXSCALEDENOM 48000

  CLASS
    NAME "straatnamen_base"
    LABEL
      FONT "liberation-sans"
      TYPE truetype
      SIZE [size]
      COLOR "#FFFFFF"        
      OUTLINECOLOR "#FFFFFF"
      ANGLE FOLLOW
      PARTIALS TRUE
      ALIGN center
      PRIORITY 4
      POSITION CC
    END
  END
END # LAYER


# 2. THE FOLLOWER LAYER (Fixed parser error near CLASS)
# =========================================================================
LAYER
  NAME "straatnamen_mark"
  TYPE POINT                 
  STATUS ON
  
  GEOMTRANSFORM "labelpoint:straatnamen_liberation" 

  # FIX: MapServer 8 requires an inline feature anchor to bind 
  # a layer-level GEOMTRANSFORM to a CLASS block successfully.
  FEATURE
  END

  CLASS
    NAME "straatnamen_mark_class"
    LABEL
      FONT "marked-font"
      TYPE truetype
      SIZE [size]
      COLOR "#000000"
      OUTLINECOLOR "#000000"
      ANGLE FOLLOW
      PARTIALS TRUE
      ALIGN center
      PRIORITY 4
      POSITION CC
      FORCE TRUE             
    END
  END
END # LAYER

  # waterlabellijn_2
  LAYER
    NAME "waterlabellijn_2"
    STATUS ON
    LABELITEM "naam"
    TYPE LINE
    EXTENT -1000000 -1000000 1150000 1900000

    METADATA
      "ows_title" "waterlabellijn_2"
    END

    CONNECTIONTYPE OGR
    CONNECTION "/srv/data/gpkg/brtachtergrondkaart.gpkg"
    DATA "waterlabellijn_2"
    PROCESSING "CLOSE_CONNECTION=DEFER"
    TEMPLATE "dummy"

    MINSCALEDENOM 3072000
    MAXSCALEDENOM 6144000

    CLASSITEM viscode
    CLASS
      # waterlabellijn_2
      NAME "17000"
      EXPRESSION "17000"
      LABEL
        MINDISTANCE 20
        BUFFER 50
        COLOR "#004DE3"
        FONT "liberation-sans-italic"
        ANGLE FOLLOW
        MINFEATURESIZE AUTO
        PARTIALS TRUE
        TYPE truetype
        SIZE 8
      END
    END
  END # LAYER

  # waterlabellijn_3
  LAYER
    NAME "waterlabellijn_3"
    STATUS ON
    LABELITEM "naam"
    TYPE LINE
    EXTENT -1000000 -1000000 1150000 1900000

    METADATA
      "ows_title" "waterlabellijn_3"
    END

    CONNECTIONTYPE OGR
    CONNECTION "/srv/data/gpkg/brtachtergrondkaart.gpkg"
    DATA "waterlabellijn_3"
    PROCESSING "CLOSE_CONNECTION=DEFER"
    TEMPLATE "dummy"

    MINSCALEDENOM 768000
    MAXSCALEDENOM 3072000

    CLASSITEM viscode
    CLASS
      # waterlabellijn_3
      NAME "17000"
      EXPRESSION "17000"
      LABEL
        MINDISTANCE 20
        BUFFER 50
        COLOR "#004DE3"
        FONT "liberation-sans-italic"
        ANGLE FOLLOW
        MINFEATURESIZE AUTO
        PARTIALS TRUE
        TYPE truetype
        SIZE 8
      END
    END
  END # LAYER

  # waterlabellijn_4
  LAYER
    NAME "waterlabellijn_4"
    STATUS ON
    LABELITEM "naam"
    TYPE LINE
    EXTENT -1000000 -1000000 1150000 1900000

    METADATA
      "ows_title" "waterlabellijn_4"
    END

    CONNECTIONTYPE OGR
    CONNECTION "/srv/data/gpkg/brtachtergrondkaart.gpkg"
    DATA "waterlabellijn_4"
    PROCESSING "CLOSE_CONNECTION=DEFER"
    TEMPLATE "dummy"

    MINSCALEDENOM 384000
    MAXSCALEDENOM 768000

    CLASSITEM viscode
    CLASS
      # waterlabellijn_4
      NAME "17000"
      EXPRESSION "17000"
      LABEL
        MINDISTANCE 20
        BUFFER 50
        COLOR "#004DE3"
        FONT "liberation-sans-italic"
        ANGLE FOLLOW
        MINFEATURESIZE AUTO
        PARTIALS TRUE
        TYPE truetype
        SIZE 8
      END
    END
  END # LAYER

  # waterlabellijn_5
  LAYER
    NAME "waterlabellijn_5"
    STATUS ON
    LABELITEM "naam"
    TYPE LINE
    EXTENT -1000000 -1000000 1150000 1900000

    METADATA
      "ows_title" "waterlabellijn_5"
    END

    CONNECTIONTYPE OGR
    CONNECTION "/srv/data/gpkg/brtachtergrondkaart.gpkg"
    DATA "waterlabellijn_5"
    PROCESSING "CLOSE_CONNECTION=DEFER"
    TEMPLATE "dummy"

    MINSCALEDENOM 192000
    MAXSCALEDENOM 384000

    CLASSITEM viscode
    CLASS
      # waterlabellijn_5
      NAME "17000"
      EXPRESSION "17000"
      LABEL
        MINDISTANCE 20
        BUFFER 50
        COLOR "#004DE3"
        FONT "liberation-sans-italic"
        ANGLE FOLLOW
        MINFEATURESIZE AUTO
        PARTIALS TRUE
        TYPE truetype
        SIZE 8
      END
    END
  END # LAYER

  # waterlabellijn_6
  LAYER
    NAME "waterlabellijn_6"
    STATUS ON
    LABELITEM "naam"
    TYPE LINE
    EXTENT -1000000 -1000000 1150000 1900000

    METADATA
      "ows_title" "waterlabellijn_6"
    END

    CONNECTIONTYPE OGR
    CONNECTION "/srv/data/gpkg/brtachtergrondkaart.gpkg"
    DATA "waterlabellijn_6"
    PROCESSING "CLOSE_CONNECTION=DEFER"
    TEMPLATE "dummy"

    MINSCALEDENOM 96000
    MAXSCALEDENOM 192000

    CLASSITEM viscode
    CLASS
      # waterlabellijn_6
      NAME "17000"
      EXPRESSION "17000"
      LABEL
        MINDISTANCE 20
        BUFFER 30
        REPEATDISTANCE 200
        COLOR "#004DE3"
        FONT "liberation-sans-italic"
        ANGLE FOLLOW
        MINFEATURESIZE AUTO
        PARTIALS TRUE
        TYPE truetype
        SIZE 8
      END
    END
  END # LAYER

  # waterlabellijn_7
  LAYER
    NAME "waterlabellijn_7"
    STATUS ON
    LABELITEM "naam"
    TYPE LINE
    EXTENT -1000000 -1000000 1150000 1900000

    METADATA
      "ows_title" "waterlabellijn_7"
    END

    CONNECTIONTYPE OGR
    CONNECTION "/srv/data/gpkg/brtachtergrondkaart.gpkg"
    DATA "waterlabellijn_7"
    PROCESSING "CLOSE_CONNECTION=DEFER"
    TEMPLATE "dummy"

    MINSCALEDENOM 48000
    MAXSCALEDENOM 96000

    CLASSITEM viscode
    CLASS
      # waterlabellijn_7
      NAME "17000"
      EXPRESSION "17000"
      LABEL
        MINDISTANCE 20
        BUFFER 10
        REPEATDISTANCE 1000
        COLOR "#004DE3"
        FONT "liberation-sans-italic"
        ANGLE FOLLOW
        MINFEATURESIZE AUTO
        PARTIALS TRUE
        TYPE truetype
        SIZE 9
      END
    END
  END # LAYER

  # waterdeelvlak_2_label
  LAYER
    NAME "waterdeelvlak_2_label"
    STATUS ON
    LABELITEM "naam"
    TYPE POLYGON
    EXTENT -1000000 -1000000 1150000 1900000

    METADATA
      "ows_title" "waterdeelvlak_2_label"
    END

    CONNECTIONTYPE OGR
    CONNECTION "/srv/data/gpkg/brtachtergrondkaart.gpkg"
    DATA "waterdeelvlak_2_label"
    #PROCESSING "NATIVE_FILTER=type_water = 'zee'"
    PROCESSING "CLOSE_CONNECTION=DEFER"
    TEMPLATE "dummy"

    MINSCALEDENOM 1536001
    MAXSCALEDENOM 3072000

    CLASS
      # label Noordzee
      NAME "waterdeelvlak_2_label"
      # geen_expression
      LABEL
        EXPRESSION ([area] > 3000000000)
        COLOR "#004DE3"
        FONT "liberation-sans-italic"
        PARTIALS TRUE
        TYPE truetype
        SIZE 13
      END
      # label overige zee en IJsselmeer
      LABEL
        EXPRESSION ([area] < 3000000000 AND [area] > 1000000000)
        COLOR "#004DE3"
        FONT "liberation-sans-italic"
        PARTIALS TRUE
        TYPE truetype
        SIZE 11
      END
      # label overige meer,plas
      LABEL
        EXPRESSION ([area] < 1000000000 AND [area] > 100000000)
        COLOR "#004DE3"
        FONT "liberation-sans-italic"
        PARTIALS TRUE
        TYPE truetype
        SIZE 9
      END
    END
  END # LAYER

  # waterdeelvlak_3_label
  LAYER
    NAME "waterdeelvlak_3_label"
    STATUS ON
    LABELITEM "naam"
    TYPE POLYGON
    EXTENT -1000000 -1000000 1150000 1900000

    METADATA
      "ows_title" "waterdeelvlak_3_label"
    END

    CONNECTIONTYPE OGR
    CONNECTION "/srv/data/gpkg/brtachtergrondkaart.gpkg"
    DATA "waterdeelvlak_3_label"
    # PROCESSING "NATIVE_FILTER=type_water = 'meer, plas' or type_water = 'zee'"
    PROCESSING "CLOSE_CONNECTION=DEFER"
    TEMPLATE "dummy"

    MINSCALEDENOM 768001
    MAXSCALEDENOM 1536000

    CLASS
      # label Noordzee
      NAME "waterdeelvlak_3_label"
      # geen_expression
      LABEL
        EXPRESSION ([area] > 3000000000)
        COLOR "#004DE3"
        FONT "liberation-sans-italic"
        PARTIALS TRUE
        TYPE truetype
        SIZE 13
      END
      # label overige zee en IJsselmeer
      LABEL
        EXPRESSION ([area] < 3000000000 AND [area] > 1000000000)
        COLOR "#004DE3"
        FONT "liberation-sans-italic"
        PARTIALS TRUE
        TYPE truetype
        SIZE 11
      END
      # label overige meer,plas
      LABEL
        EXPRESSION ([area] < 1000000000 AND [area] > 100000000)
        COLOR "#004DE3"
        FONT "liberation-sans-italic"
        PARTIALS TRUE
        TYPE truetype
        SIZE 9
      END
    END
  END # LAYER

  # waterdeelvlak_4_label
  LAYER
    NAME "waterdeelvlak_4_label"
    STATUS ON
    LABELITEM "naam"
    TYPE POLYGON
    EXTENT -1000000 -1000000 1150000 1900000

    METADATA
      "ows_title" "waterdeelvlak_4_label"
    END

    CONNECTIONTYPE OGR
    CONNECTION "/srv/data/gpkg/brtachtergrondkaart.gpkg"
    DATA "waterdeelvlak_4_label"
    # PROCESSING "NATIVE_FILTER=type_water = 'meer, plas' or type_water = 'zee'"
    PROCESSING "CLOSE_CONNECTION=DEFER"
    TEMPLATE "dummy"

    MINSCALEDENOM 384001
    MAXSCALEDENOM 768000

    CLASS
      # label Noordzee
      NAME "waterdeelvlak_4_label"
      # geen_expression
      LABEL
        EXPRESSION ([area] > 3000000000)
        COLOR "#004DE3"
        FONT "liberation-sans-italic"
        PARTIALS TRUE
        TYPE truetype
        SIZE 13
      END
      # label overige zee en IJsselmeer
      LABEL
        EXPRESSION ([area] < 3000000000 AND [area] > 1000000000)
        COLOR "#004DE3"
        FONT "liberation-sans-italic"
        PARTIALS TRUE
        TYPE truetype
        SIZE 11
      END
      # label overige meer,plas
      LABEL
        EXPRESSION ([area] < 1000000000 AND [area] > 100000000)
        COLOR "#004DE3"
        FONT "liberation-sans-italic"
        PARTIALS TRUE
        TYPE truetype
        SIZE 9
      END
    END
  END # LAYER

  # waterdeelvlak_5_label
  LAYER
    NAME "waterdeelvlak_5_label"
    STATUS ON
    LABELITEM "naam"
    TYPE POLYGON
    EXTENT -1000000 -1000000 1150000 1900000

    METADATA
      "ows_title" "waterdeelvlak_5_label"
    END

    CONNECTIONTYPE OGR
    CONNECTION "/srv/data/gpkg/brtachtergrondkaart.gpkg"
    DATA "waterdeelvlak_5_label"
    # PROCESSING "NATIVE_FILTER=type_water = 'meer, plas' or type_water = 'zee'"
    PROCESSING "CLOSE_CONNECTION=DEFER"
    TEMPLATE "dummy"

    MINSCALEDENOM 192001
    MAXSCALEDENOM 384000

    CLASS
      # label Noordzee
      NAME "waterdeelvlak_5_label"
      # geen_expression
      LABEL
        EXPRESSION ([area] > 3000000000)
        COLOR "#004DE3"
        FONT "liberation-sans-italic"
        PARTIALS TRUE
        TYPE truetype
        SIZE 13
      END
      # label overige zee en IJsselmeer
      LABEL
        EXPRESSION ([area] < 3000000000 AND [area] > 1000000000)
        COLOR "#004DE3"
        FONT "liberation-sans-italic"
        PARTIALS TRUE
        TYPE truetype
        SIZE 11
      END
      # label overige meer,plas
      LABEL
        EXPRESSION ([area] < 1000000000 AND [area] > 100000000)
        COLOR "#004DE3"
        FONT "liberation-sans-italic"
        PARTIALS TRUE
        TYPE truetype
        SIZE 9
      END
    END
  END # LAYER

  # waterdeelvlak_6_label
  LAYER
    NAME "waterdeelvlak_6_label"
    STATUS ON
    LABELITEM "naam"
    TYPE POLYGON
    EXTENT -1000000 -1000000 1150000 1900000

    METADATA
      "ows_title" "waterdeelvlak_6_label"
    END

    CONNECTIONTYPE OGR
    CONNECTION "/srv/data/gpkg/brtachtergrondkaart.gpkg"
    DATA "waterdeelvlak_6_label"
    # PROCESSING "NATIVE_FILTER=type_water = 'meer, plas' or type_water = 'zee'"
    PROCESSING "CLOSE_CONNECTION=DEFER"
    TEMPLATE "dummy"

    MINSCALEDENOM 96001
    MAXSCALEDENOM 192000

    CLASS
      # label Noordzee
      NAME "waterdeelvlak_6_label"
      # geen_expression
      LABEL
        EXPRESSION ([area] > 3000000000)
        COLOR "#004DE3"
        FONT "liberation-sans-italic"
        PARTIALS TRUE
        TYPE truetype
        SIZE 13
      END
      # label overige zee en IJsselmeer
      LABEL
        EXPRESSION ([area] < 3000000000 AND [area] > 1000000000)
        COLOR "#004DE3"
        FONT "liberation-sans-italic"
        PARTIALS TRUE
        TYPE truetype
        SIZE 11
      END
      # label overige meer,plas
      LABEL
        EXPRESSION ([area] < 1000000000 AND [area] > 100000000)
        COLOR "#004DE3"
        FONT "liberation-sans-italic"
        PARTIALS TRUE
        TYPE truetype
        SIZE 9
      END
    END
  END # LAYER

  # waterdeelvlak_7_label
  LAYER
    NAME "waterdeelvlak_7_label"
    STATUS ON
    LABELITEM "naam"
    TYPE POLYGON
    EXTENT -1000000 -1000000 1150000 1900000

    METADATA
      "ows_title" "waterdeelvlak_7_label"
    END

    CONNECTIONTYPE OGR
    CONNECTION "/srv/data/gpkg/brtachtergrondkaart.gpkg"
    DATA "waterdeelvlak_7_label"
    # PROCESSING "NATIVE_FILTER=type_water = 'meer, plas' or type_water = 'zee'"
    PROCESSING "CLOSE_CONNECTION=DEFER"
    TEMPLATE "dummy"

    MINSCALEDENOM 48001
    MAXSCALEDENOM 96000

    CLASS
      # label Noordzee
      NAME "waterdeelvlak_7_label"
      # geen_expression
      LABEL
        EXPRESSION ([area] > 3000000000)
        COLOR "#004DE3"
        FONT "liberation-sans-italic"
        PARTIALS TRUE
        TYPE truetype
        SIZE 13
      END
      # label overige zee en IJsselmeer
      LABEL
        EXPRESSION ([area] < 3000000000 AND [area] > 1000000000)
        COLOR "#004DE3"
        FONT "liberation-sans-italic"
        PARTIALS TRUE
        TYPE truetype
        SIZE 11
      END
      # label overige meer,plas
      LABEL
        EXPRESSION ([area] < 1000000000 AND [area] > 100000000)
        COLOR "#004DE3"
        FONT "liberation-sans-italic"
        PARTIALS TRUE
        TYPE truetype
        SIZE 9
      END
    END
  END # LAYER

  # waterdeelvlak_8_label
  LAYER
    NAME "waterdeelvlak_8_label"
    STATUS ON
    LABELITEM "naam"
    TYPE POLYGON
    EXTENT -1000000 -1000000 1150000 1900000

    METADATA
      "ows_title" "waterdeelvlak_8_label"
    END

    CONNECTIONTYPE OGR
    CONNECTION "/srv/data/gpkg/brtachtergrondkaart.gpkg"
    DATA "waterdeelvlak_8_label"
    PROCESSING "CLOSE_CONNECTION=DEFER"
    TEMPLATE "dummy"

    MINSCALEDENOM 24001
    MAXSCALEDENOM 48000

    CLASS
      # label Noordzee
      NAME "waterdeelvlak_8_label"
      # geen_expression
      LABEL
        EXPRESSION ([area] > 3000000000)
        COLOR "#004DE3"
        FONT "liberation-sans-italic"
        PARTIALS TRUE
        TYPE truetype
        SIZE 13
      END
      # label overige zee en IJsselmeer
      LABEL
        EXPRESSION ([area] < 3000000000 AND [area] > 1000000000)
        COLOR "#004DE3"
        FONT "liberation-sans-italic"
        PARTIALS TRUE
        TYPE truetype
        SIZE 11
      END
      # label overige meer,plas en waterloop
      LABEL
        EXPRESSION ([area] < 1000000000 AND [area] > 10000)
        COLOR "#004DE3"
        FONT "liberation-sans-italic"
        MINDISTANCE 20
        BUFFER 50
        ANGLE FOLLOW
        PARTIALS TRUE
        TYPE truetype
        SIZE 9
      END
    END
  END # LAYER

  # waterdeelvlak_9_14_label
  LAYER
    NAME "waterdeelvlak_9_14_label"
    STATUS ON
    LABELITEM "naam"
    TYPE POLYGON
    EXTENT -1000000 -1000000 1150000 1900000

    METADATA
      "ows_title" "waterdeelvlak_9_14_label"
    END

    CONNECTIONTYPE OGR
    CONNECTION "/srv/data/gpkg/brtachtergrondkaart.gpkg"
    DATA "waterdeelvlak_9_14_label"
    PROCESSING "CLOSE_CONNECTION=DEFER"
    TEMPLATE "dummy"

    MINSCALEDENOM 0
    MAXSCALEDENOM 24000

    CLASS
      # label Noordzee
      NAME "waterdeelvlak_9_14_label"
      # geen_expression
      LABEL
        EXPRESSION ([area] > 3000000000)
        COLOR "#004DE3"
        FONT "liberation-sans-italic"
        PARTIALS TRUE
        TYPE truetype
        SIZE 13
      END
      # label overige zee en IJsselmeer
      LABEL
        EXPRESSION ([area] < 3000000000 AND [area] > 1000000000)
        COLOR "#004DE3"
        FONT "liberation-sans-italic"
        PARTIALS TRUE
        TYPE truetype
        SIZE 11
      END
      # label overige meer,plas en waterloop
      LABEL
        EXPRESSION ([area] < 1000000000)
        COLOR "#004DE3"
        FONT "liberation-sans-italic"
        MINDISTANCE 20
        BUFFER 50
        ANGLE FOLLOW
        PARTIALS TRUE
        TYPE truetype
        SIZE 9
      END
    END
  END # LAYER

  # annotaties
  LAYER
    NAME "annotaties"
    LABELITEM "label"
    TYPE POINT
    EXTENT -1000000 -1000000 1150000 1900000

    METADATA
      "ows_title" "annotaties"
    END

    SCALETOKEN
      NAME "%scale%"
      VALUES
        "0"        "0"
        "750"      "750"
        "1500"     "1500"
        "3000"     "3000"
        "6000"     "6000"
        "12000"    "12000"
        "24000"    "24000"
        "48000"    "48000"
        "96000"    "96000"
        "192000"   "192000"
        "384000"   "384000"
        "768000"   "768000"
        "1536000"  "1536000"
        "3072000"  "3072000"
        "6144000"  "6144000"
      END # VALUES
    END # SCALETOKEN

    CONNECTIONTYPE OGR
    CONNECTION "/srv/data/gpkg/brtachtergrondkaart.gpkg"
    DATA "annotaties"
    PROCESSING 'NATIVE_FILTER=minscaledenom <= %scale% AND maxscaledenom > %scale%'
    PROCESSING "CLOSE_CONNECTION=DEFER"
    PROCESSING "LABEL_NO_CLIP=ON"
    TEMPLATE "dummy"

    MINSCALEDENOM 0
    MAXSCALEDENOM 6144000

    CLASSITEM viscode
    CLASS
      # plaatsnamen
      NAME "18000"
      EXPRESSION "18000"
      LABEL
        COLOR "#000000"
        FONT "liberation-sans"
        TYPE truetype
        SIZE [size]
        PRIORITY [priority]
        ANTIALIAS TRUE
        PARTIALS TRUE
        BUFFER 5
      END
    END
    CLASS
      # wijknamen
      NAME "18001"
      EXPRESSION "18001"
      LABEL
        COLOR "#000000"
        FONT "liberation-sans-italic"
        TYPE truetype
        SIZE 9
        ANTIALIAS TRUE
        PARTIALS TRUE
        BUFFER 5
        MAXSCALEDENOM 48000
      END
    END
    CLASS
      # A-wegnummers
      NAME "10000"
      EXPRESSION "10000"
      LABEL
        COLOR "#FFFFFF"
        FONT "liberation-sans-bold"
        TYPE truetype
        SIZE 8.8
        OFFSET 0 0
        STYLE
          GEOMTRANSFORM labelpoly
          COLOR "#FF7F7F"
          ANTIALIAS TRUE
        END
        STYLE
          GEOMTRANSFORM "labelpoly"
          OUTLINECOLOR "#FF7F7F"
          WIDTH 4
          LINEJOIN MITER
          LINECAP SQUARE
          ANTIALIAS TRUE
        END
        FORCE TRUE
        PARTIALS TRUE
        ANTIALIAS TRUE
        PRIORITY 9
      END
    END
    CLASS
      # N-wegnummers
      NAME "10001"
      EXPRESSION "10001"
      LABEL
        COLOR "#000000"
        FONT "liberation-sans-bold"
        TYPE truetype
        SIZE 8.8
        OFFSET 0 0
        STYLE
          GEOMTRANSFORM labelpoly
          COLOR "#FFFFBE"
          ANTIALIAS TRUE
        END
        STYLE
          GEOMTRANSFORM "labelpoly"
          OUTLINECOLOR "#FFFFBE"
          WIDTH 4
          LINEJOIN MITER
          LINECAP SQUARE
          ANTIALIAS TRUE
        END
        FORCE TRUE
        PARTIALS TRUE
        ANTIALIAS TRUE
        PRIORITY 8
      END
    END
    CLASS
      # fingerprint
      NAME "11111"
      EXPRESSION "11111"
      LABEL
        COLOR "#004DE3"
        FONT "liberation-sans"
        TYPE truetype
        SIZE 8
        PARTIALS TRUE
        ANTIALIAS TRUE
        BUFFER 5
      END
    END
  END # LAYER

END # MAP