# brt-achtergrondkaart STANDAARD

MAP
  NAME                  "brtachtergrondkaart"
  CONFIG                "MS_ERRORFILE" "stderr"
  IMAGETYPE             png
  UNITS                 meters
  MAXSIZE               4000
  FONTSET               "/srv/data/fonts.list"
  EXTENT                -1000000 -1000000 1150000 1900000
  STATUS                ON
  # CONFIG                "CPL_DEBUG" "ON"
  # DEBUG                 4

  RESOLUTION 91
  DEFRESOLUTION 91

  PROJECTION
    "init=epsg:28992"
  END
	
  WEB
    METADATA
      "ows_enable_request"              "*"
      "ows_srs"                         "EPSG:28992 EPSG:3857 EPSG:25831"
      "ows_title"                       "BRT Achtergrondkaart Standaard"
      "ows_abstract"                    "BRT Achtergrondkaart Standaard"
      "ows_keywordlist"                 "PDOK Geopackage Mapserver BRT Achtergrondkaart Standaard"
      "wms_namespace_prefix"            "brtachtergrondkaartstandaard"
      "wms_extent"                      "-1000000 -1000000 1150000 1900000"
      "wms_allow_getmap_without_styles" "true"
    END # METADATA
  END # WEB

  SYMBOL
    NAME "cross"
    TYPE vector
    POINTS
      2.0 0.0
      2.0 4.0
      -99 -99
      0.0 2.0
      4.0 2.0
    END
    FILLED true
    ANCHORPOINT 0.5 0.5
  END

  SYMBOL # spoorlijn in tunnel
    NAME "tunnel"
    TYPE vector
    POINTS
      -7.5 -15
      -7.5 15
      -99 -99
      7.5 -15
      7.5 15
    END
  END

  SYMBOL # tram loodrecht streepje
    NAME "tram_streep"
    TYPE vector
    POINTS
      -1 0
      1 0
    END
  END

  SYMBOL
    NAME "circle"
    TYPE ellipse
    POINTS
      1 1
    END
    FILLED true
  END

  SYMBOL
    NAME "square"
    TYPE vector
    POINTS
      0 0
      0 1
      1 1
      1 0
      0 0
    END
    FILLED true
  END

  # spoorbaandeellijn_tunnel
  LAYER
    NAME "spoorbaandeellijn_tunnel"
    STATUS ON
    TYPE LINE
    EXTENT -1000000 -1000000 1150000 1900000

    METADATA
      "ows_title" "spoorbaandeellijn_tunnel"
    END

    SCALETOKEN
      NAME "%scale%"
      VALUES
        "0"        "0"
        "750"      "750"
        "1500"     "1500"
        "3000"     "3000"
        "6000"     "6000"
        "12000"    "12000"
        "24000"    "24000"
        "48000"    "48000"
        "96000"    "96000"
        "192000"   "192000"
        "384000"   "384000"
        "768000"   "768000"
        "1536000"  "1536000"
        "3072000"  "3072000"
        "6144000"  "6144000"
      END # VALUES
    END # SCALETOKEN

    CONNECTIONTYPE OGR
    CONNECTION "/srv/data/gpkg/brtachtergrondkaart.gpkg"
    DATA "spoorbaandeellijn"
    PROCESSING 'NATIVE_FILTER=minscaledenom <= %scale% AND maxscaledenom > %scale%'
    PROCESSING "CLOSE_CONNECTION=DEFER"
    TEMPLATE "dummy"

    MINSCALEDENOM 0
    MAXSCALEDENOM 768000

    CLASSITEM viscode
     CLASS
      # treinspoor in tunnel (zoomlevel 4 t/m 14)
      NAME "14008"
      EXPRESSION "14008"
      STYLE
        COLOR "#6E6E6E"
        SYMBOL "tunnel"
        WIDTH 0.5
        SIZE 3
        GAP -4.5
        ANGLE 90
        MINSCALEDENOM 384000
        MAXSCALEDENOM 768000
        ANTIALIAS TRUE
      END
      STYLE
        COLOR "#6E6E6E"
        SYMBOL "tunnel"
        WIDTH 0.5
        SIZE 5
        GAP -7.5
        ANGLE 90
        MINSCALEDENOM 192000
        MAXSCALEDENOM 384000
        ANTIALIAS TRUE
      END
      STYLE
        COLOR "#6E6E6E"
        SYMBOL "tunnel"
        WIDTH 0.5
        SIZE 5
        GAP -7.5
        ANGLE 90
        MINSCALEDENOM 24000
        MAXSCALEDENOM 192000
        ANTIALIAS TRUE
      END
      STYLE
        COLOR "#6E6E6E"
        SYMBOL "tunnel"
        WIDTH 0.5
        SIZE 7
        GAP -10.5
        ANGLE 90
        MINSCALEDENOM 12000
        MAXSCALEDENOM 24000
        ANTIALIAS TRUE
      END
      STYLE
        COLOR "#6E6E6E"
        SYMBOL "tunnel"
        WIDTH 0.5
        SIZE 9
        GAP -13.5
        ANGLE 90
        MINSCALEDENOM 6000
        MAXSCALEDENOM 12000
        ANTIALIAS TRUE
      END
      STYLE
        COLOR "#6E6E6E"
        SYMBOL "tunnel"
        WIDTH 0.5
        SIZE 11
        GAP -16.5
        ANGLE 90
        MINSCALEDENOM 1500
        MAXSCALEDENOM 6000
        ANTIALIAS TRUE
      END
      STYLE
        COLOR "#6E6E6E"
        SYMBOL "tunnel"
        WIDTH 0.5
        SIZE 22
        GAP -33
        ANGLE 90
        MAXSCALEDENOM 1500
        ANTIALIAS TRUE
      END
    END
    CLASS
      # metro / sneltram spoor in tunnel (zoomlevel 9 t/m 14)
      NAME "14268-14308"
      EXPRESSION /(14268|14308)/
      STYLE
        COLOR "#6E6E6E"
        SYMBOL "tunnel"
        WIDTH 0.5
        SIZE 7
        GAP -10.5
        ANGLE 90
        MINSCALEDENOM 12000
        MAXSCALEDENOM 24000
        ANTIALIAS TRUE
      END
      STYLE
        COLOR "#6E6E6E"
        SYMBOL "tunnel"
        WIDTH 0.5
        SIZE 9
        GAP -13.5
        ANGLE 90
        MINSCALEDENOM 6000
        MAXSCALEDENOM 12000
        ANTIALIAS TRUE
      END
      STYLE
        COLOR "#6E6E6E"
        SYMBOL "tunnel"
        WIDTH 0.5
        SIZE 11
        GAP -16.5
        ANGLE 90
        MINSCALEDENOM 1500
        MAXSCALEDENOM 6000
        ANTIALIAS TRUE
      END
      STYLE
        COLOR "#6E6E6E"
        SYMBOL "tunnel"
        WIDTH 0.5
        SIZE 22
        GAP -33
        ANGLE 90
        MAXSCALEDENOM 1500
        ANTIALIAS TRUE
      END
    END
    CLASS
      # tram spoor in tunnel (zoomlevel 10 t/m 14)
      NAME "14238"
      EXPRESSION "14238"
      STYLE
        COLOR "#6E6E6E"
        SYMBOL "tunnel"
        WIDTH 0.5
        SIZE 9
        GAP -13.5
        ANGLE 90
        MINSCALEDENOM 6000
        MAXSCALEDENOM 12000
        ANTIALIAS TRUE
      END
      STYLE
        COLOR "#6E6E6E"
        SYMBOL "tunnel"
        WIDTH 0.5
        SIZE 11
        GAP -16.5
        ANGLE 90
        MINSCALEDENOM 1500
        MAXSCALEDENOM 6000
        ANTIALIAS TRUE
      END
      STYLE
        COLOR "#6E6E6E"
        SYMBOL "tunnel"
        WIDTH 0.5
        SIZE 22
        GAP -33
        ANGLE 90
        MAXSCALEDENOM 1500
        ANTIALIAS TRUE
      END
    END
  END # LAYER

  # wegdeelvlak-contour
  LAYER
    NAME "wegdeelvlak-contour"
    TYPE POLYGON
    EXTENT -1000000 -1000000 1150000 1900000

    METADATA
      "ows_title" "wegdeelvlak-contour"
    END

    SCALETOKEN
      NAME "%scale%"
      VALUES
        "0"        "0"
        "750"      "750"
        "1500"     "1500"
        "3000"     "3000"
        "6000"     "6000"
        "12000"    "12000"
        "24000"    "24000"
        "48000"    "48000"
        "96000"    "96000"
        "192000"   "192000"
        "384000"   "384000"
        "768000"   "768000"
        "1536000"  "1536000"
        "3072000"  "3072000"
        "6144000"  "6144000"
      END # VALUES
    END # SCALETOKEN

    CONNECTIONTYPE OGR
    CONNECTION "/srv/data/gpkg/brtachtergrondkaart.gpkg"
    DATA "wegdeelvlak"
    PROCESSING 'NATIVE_FILTER=minscaledenom <= %scale% AND maxscaledenom > %scale%'
    PROCESSING "RENDERMODE=ALL_MATCHING_CLASSES"
    PROCESSING "CLOSE_CONNECTION=DEFER"
    TEMPLATE "dummy"

    MINSCALEDENOM 0
    MAXSCALEDENOM 96000

    CLASSITEM viscode
    CLASS
      # autosnelweg|hoofdweg
      NAME "12000-12100"
      EXPRESSION /(12000|12100)/
      STYLE
        OUTLINECOLOR "#FFFFFF"
        WIDTH 3
        LINECAP round
        LINEJOIN round
        ANTIALIAS TRUE
      END
      STYLE
        OUTLINECOLOR "#FFFFFF"
        WIDTH 3
        LINECAP round
        LINEJOIN round
        ANTIALIAS TRUE
      END
    END
  END # LAYER

  # wegdeelvlak
  LAYER
    NAME "wegdeelvlak"
    TYPE POLYGON
    EXTENT -1000000 -1000000 1150000 1900000

    METADATA
      "ows_title" "wegdeelvlak"
    END

    SCALETOKEN
      NAME "%scale%"
      VALUES
        "0"        "0"
        "750"      "750"
        "1500"     "1500"
        "3000"     "3000"
        "6000"     "6000"
        "12000"    "12000"
        "24000"    "24000"
        "48000"    "48000"
        "96000"    "96000"
        "192000"   "192000"
        "384000"   "384000"
        "768000"   "768000"
        "1536000"  "1536000"
        "3072000"  "3072000"
        "6144000"  "6144000"
      END # VALUES
    END # SCALETOKEN

    CONNECTIONTYPE OGR
    CONNECTION "/srv/data/gpkg/brtachtergrondkaart.gpkg"
    DATA "wegdeelvlak"
    PROCESSING 'NATIVE_FILTER=minscaledenom <= %scale% AND maxscaledenom > %scale%'
    PROCESSING "RENDERMODE=ALL_MATCHING_CLASSES"
    PROCESSING "CLOSE_CONNECTION=DEFER"
    TEMPLATE "dummy"

    MINSCALEDENOM 0
    MAXSCALEDENOM 96000

    CLASSITEM viscode
    CLASS
      # autosnelweg|hoofdweg
      NAME "12000-12100"
      EXPRESSION /(12000|12100)/
      STYLE
        COLOR "#FFFFFF"
      END
    END

    CLASSITEM viscode
    CLASS
      # weg in tunnel
      NAME "00008"
      EXPRESSION "00008"
      STYLE
        OUTLINECOLOR "#FFFFFF"
        WIDTH 2
        LINECAP round
        ANTIALIAS TRUE
      END
      STYLE
        COLOR "#FFFFFF"
      END
    END
    CLASS
      # overig
      NAME "13900"
      EXPRESSION "13900"
      STYLE
        OUTLINECOLOR "#FFFFFF"
        WIDTH 1.5
        LINECAP round
        ANTIALIAS TRUE
      END
      STYLE
        COLOR "#FFFFFF"
      END
    END
    CLASS
      # straat
      NAME "13530"
      EXPRESSION "13530"
      STYLE
        OUTLINECOLOR "#FFFFFF"
        WIDTH 1.5
        LINECAP round
        ANTIALIAS TRUE
      END
      STYLE
        COLOR "#FFFFFF"
      END
    END
    CLASS
      # regionale weg
      NAME "12750"
      EXPRESSION "12750"
      STYLE
        OUTLINECOLOR "#FFFFFF"
        WIDTH 1.5
        LINECAP round
        ANTIALIAS TRUE
      END
      STYLE
        COLOR "#FFFFFF"
      END
    END
    # CLASS
    #   # hoofdweg
    #   NAME "12100"
    #   EXPRESSION "12100"
    #   STYLE
    #     OUTLINECOLOR "#E69800"
    #     WIDTH 1.5
    #     LINECAP round
    #     LINEJOIN round
    #     ANTIALIAS TRUE
    #   END
    #   STYLE
    #     COLOR "#F9E11E"
    #   END
    # END
    # CLASS
    #   # autosnelweg
    #   NAME "12000"
    #   EXPRESSION "12000"
    #   STYLE
    #     OUTLINECOLOR "#E17000"
    #     WIDTH 1.5
    #     LINECAP round
    #     LINEJOIN round
    #     ANTIALIAS TRUE
    #   END
    #   STYLE
    #     COLOR "#F9E11E"
    #   END
    # END
    CLASS
      # overig
      NAME "13900"
      EXPRESSION "13900"
      STYLE
        OUTLINECOLOR "#FFFFFF"
        WIDTH 2
        LINECAP round
        MINSCALEDENOM 12000
        MAXSCALEDENOM 96000
      END
      STYLE
        COLOR "#FFFFFF"
        WIDTH 1
        LINECAP round
        MINSCALEDENOM 12000
        MAXSCALEDENOM 96000
      END
    END
    CLASS
      # lokale weg
      NAME "12080"
      EXPRESSION "12080"
      STYLE
        OUTLINECOLOR "#FFFFFF"
        WIDTH 1.5
        LINECAP round
        ANTIALIAS TRUE
      END
      STYLE
        COLOR "#FFFFFF"
      END
    END
  END # LAYER

  # wegdeellijn
  LAYER
    NAME "wegdeellijn"
    STATUS ON
    TYPE LINE
    EXTENT -1000000 -1000000 1150000 1900000

    METADATA
      "ows_title" "wegdeellijn"
    END

    SCALETOKEN
      NAME "%scale%"
      VALUES
        "0"        "0"
        "750"      "750"
        "1500"     "1500"
        "3000"     "3000"
        "6000"     "6000"
        "12000"    "12000"
        "24000"    "24000"
        "48000"    "48000"
        "96000"    "96000"
        "192000"   "192000"
        "384000"   "384000"
        "768000"   "768000"
        "1536000"  "1536000"
        "3072000"  "3072000"
        "6144000"  "6144000"
      END # VALUES
    END # SCALETOKEN

    CONNECTIONTYPE OGR
    CONNECTION "/srv/data/gpkg/brtachtergrondkaart.gpkg"
    DATA "wegdeellijn"
    PROCESSING 'NATIVE_FILTER=minscaledenom <= %scale% AND maxscaledenom > %scale%'
    PROCESSING "CLOSE_CONNECTION=DEFER"
    PROCESSING "LABEL_NO_CLIP=ON"
    TEMPLATE "dummy"

    MINSCALEDENOM 0
    MAXSCALEDENOM 6144000

    CLASSITEM viscode
    CLASS
      # E-wegen
      NAME "12001"
      EXPRESSION "12001"
      STYLE
        COLOR "#FFFFFF"
        WIDTH 2
        LINECAP round
        LINEJOIN miter
        MINSCALEDENOM 3072000
        MAXSCALEDENOM 6144000
        ANTIALIAS TRUE
      END
      STYLE
        COLOR "#FFFFFF"
        LINECAP round
        LINEJOIN miter
        MINSCALEDENOM 3072000
        MAXSCALEDENOM 6144000
        ANTIALIAS TRUE
      END
    END
    CLASS
      # autosnelweg
      NAME "12000"
      EXPRESSION "12000"
      STYLE
        COLOR "#FFFFFF"
        WIDTH 2
        LINECAP round
        LINEJOIN miter
        MINSCALEDENOM 1536000
        MAXSCALEDENOM 3072000
        ANTIALIAS TRUE
      END
      STYLE
        COLOR "#FFFFFF"
        LINECAP round
        LINEJOIN miter
        MINSCALEDENOM 1536000
        MAXSCALEDENOM 3072000
        ANTIALIAS TRUE
      END
      STYLE
        COLOR "#FFFFFF"
        WIDTH 3
        LINECAP round
        LINEJOIN miter
        MINSCALEDENOM 192000
        MAXSCALEDENOM 3072000
        ANTIALIAS TRUE
      END
      STYLE
        COLOR "#FFFFFF"
        WIDTH 1.5
        LINECAP round
        LINEJOIN miter
        MINSCALEDENOM 192000
        MAXSCALEDENOM 3072000
        ANTIALIAS TRUE
      END
      STYLE
        COLOR "#FFFFFF"
        WIDTH 4
        LINEJOIN miter
        MINSCALEDENOM 96000
        MAXSCALEDENOM 384000
        ANTIALIAS TRUE
      END
      STYLE
        COLOR "#FFFFFF"
        WIDTH 2
        LINECAP round
        MINSCALEDENOM 96000
        MAXSCALEDENOM 384000
        ANTIALIAS TRUE
      END
      STYLE
        COLOR "#FFFFFF"
        WIDTH 5
        LINECAP round
        MINSCALEDENOM 48000
        MAXSCALEDENOM 192000
        ANTIALIAS TRUE
      END
      STYLE
        COLOR "#FFFFFF"
        WIDTH 2
        LINECAP round
        MINSCALEDENOM 48000
        MAXSCALEDENOM 192000
        ANTIALIAS TRUE
      END
      STYLE
        COLOR "#FFFFFF"
        WIDTH 5
        LINECAP round
        MINSCALEDENOM 48000
        MAXSCALEDENOM 192000
        ANTIALIAS TRUE
      END
      STYLE
        COLOR "#FFFFFF"
        WIDTH 3
        LINECAP round
        MINSCALEDENOM 48000
        MAXSCALEDENOM 192000
        ANTIALIAS TRUE
      END
      STYLE
        COLOR "#FFFFFF"
        WIDTH 7
        LINECAP round
        LINEJOIN miter
        MINSCALEDENOM 12000
        MAXSCALEDENOM 96000
        ANTIALIAS TRUE
      END
      STYLE
        COLOR "#FFFFFF"
        WIDTH 4
        LINECAP round
        LINEJOIN miter
        MINSCALEDENOM 12000
        MAXSCALEDENOM 96000
        ANTIALIAS TRUE
      END
    END
    CLASS
      # autosnelweg op brug
      NAME "12007"
      EXPRESSION "12007"
      STYLE
        COLOR "#FFFFFF"
        WIDTH 2
        LINECAP round
        LINEJOIN miter
        MINSCALEDENOM 1536000
        MAXSCALEDENOM 3072000
        ANTIALIAS TRUE
      END
      STYLE
        COLOR "#FFFFFF"
        LINECAP round
        LINEJOIN miter
        MINSCALEDENOM 1536000
        MAXSCALEDENOM 3072000
        ANTIALIAS TRUE
      END
      STYLE
        COLOR "#FFFFFF"
        WIDTH 3
        LINECAP round
        LINEJOIN miter
        MINSCALEDENOM 192000
        MAXSCALEDENOM 3072000
        ANTIALIAS TRUE
      END
      STYLE
        COLOR "#FFFFFF"
        WIDTH 1.5
        LINECAP round
        LINEJOIN miter
        MINSCALEDENOM 192000
        MAXSCALEDENOM 3072000
        ANTIALIAS TRUE
      END
      STYLE
        COLOR "#FFFFFF"
        WIDTH 4
        LINEJOIN miter
        MINSCALEDENOM 96000
        MAXSCALEDENOM 384000
        ANTIALIAS TRUE
      END
      STYLE
        COLOR "#FFFFFF"
        WIDTH 2
        LINECAP round
        MINSCALEDENOM 96000
        MAXSCALEDENOM 384000
        ANTIALIAS TRUE
      END
      STYLE
        COLOR "#FFFFFF"
        WIDTH 5
        LINECAP round
        MINSCALEDENOM 48000
        MAXSCALEDENOM 192000
        ANTIALIAS TRUE
      END
      STYLE
        COLOR "#FFFFFF"
        WIDTH 2
        LINECAP round
        MINSCALEDENOM 48000
        MAXSCALEDENOM 192000
        ANTIALIAS TRUE
      END
      STYLE
        COLOR "#FFFFFF"
        WIDTH 5
        LINECAP round
        MINSCALEDENOM 48000
        MAXSCALEDENOM 192000
        ANTIALIAS TRUE
      END
      STYLE
        COLOR "#FFFFFF"
        WIDTH 3
        LINECAP round
        MINSCALEDENOM 48000
        MAXSCALEDENOM 192000
        ANTIALIAS TRUE
      END
      STYLE
        COLOR "#FFFFFF"
        WIDTH 7
        LINECAP round
        LINEJOIN miter
        MINSCALEDENOM 12000
        MAXSCALEDENOM 96000
        ANTIALIAS TRUE
      END
      STYLE
        COLOR "#FFFFFF"
        WIDTH 4
        LINECAP round
        LINEJOIN miter
        MINSCALEDENOM 12000
        MAXSCALEDENOM 96000
        ANTIALIAS TRUE
      END
    END
    CLASS
      # hoofdweg
      NAME "12100"
      EXPRESSION "12100"
      STYLE
        COLOR "#FFFFFF"
        WIDTH 0.75
        LINECAP round
        LINEJOIN miter
        MINSCALEDENOM 384000
        MAXSCALEDENOM 3072000
        ANTIALIAS TRUE
      END
      STYLE
        COLOR "#FFFFFF"
        WIDTH 4.5
        LINECAP round
        LINEJOIN miter
        MINSCALEDENOM 192000
        MAXSCALEDENOM 384000
        ANTIALIAS TRUE
      END
      STYLE
        COLOR "#FFFFFF"
        WIDTH 2.25
        LINECAP round
        LINEJOIN miter
        MINSCALEDENOM 192000
        MAXSCALEDENOM 384000
        ANTIALIAS TRUE
      END
      STYLE
        COLOR "#FFFFFF"
        WIDTH 4
        LINECAP round
        MINSCALEDENOM 96000
        MAXSCALEDENOM 384000
        ANTIALIAS TRUE
      END
      STYLE
        COLOR "#FFFFFF"
        WIDTH 2
        LINECAP round
        MINSCALEDENOM 96000
        MAXSCALEDENOM 384000
        ANTIALIAS TRUE
      END
      STYLE
        COLOR "#FFFFFF"
        WIDTH 5
        LINEJOIN miter
        MINSCALEDENOM 48000
        MAXSCALEDENOM 192000
        ANTIALIAS TRUE
      END
      STYLE
        COLOR "#FFFFFF"
        WIDTH 3
        LINECAP round
        MINSCALEDENOM 48000
        MAXSCALEDENOM 192000
        ANTIALIAS TRUE
      END
      STYLE
        COLOR "#FFFFFF"
        WIDTH 3
        LINECAP round
        MINSCALEDENOM 48000
        MAXSCALEDENOM 192000
        ANTIALIAS TRUE
      END
      STYLE
        COLOR "#FFFFFF"
        WIDTH 5
        LINECAP round
        MINSCALEDENOM 12000
        MAXSCALEDENOM 96000
        ANTIALIAS TRUE
      END
      STYLE
        COLOR "#FFFFFF"
        WIDTH 2.5
        LINECAP round
        LINEJOIN miter
        MINSCALEDENOM 12000
        MAXSCALEDENOM 96000
        ANTIALIAS TRUE
      END
    END
    CLASS
      # hoofdweg op brug
      NAME "12107"
      EXPRESSION "12107"
      STYLE
        COLOR "#FFFFFF"
        WIDTH 0.75
        LINECAP round
        LINEJOIN miter
        MINSCALEDENOM 384000
        MAXSCALEDENOM 3072000
        ANTIALIAS TRUE
      END
      STYLE
        COLOR "#FFFFFF"
        WIDTH 4.5
        LINECAP round
        LINEJOIN miter
        MINSCALEDENOM 192000
        MAXSCALEDENOM 384000
        ANTIALIAS TRUE
      END
      STYLE
        COLOR "#FFFFFF"
        WIDTH 2.25
        LINECAP round
        LINEJOIN miter
        MINSCALEDENOM 192000
        MAXSCALEDENOM 384000
        ANTIALIAS TRUE
      END
      STYLE
        COLOR "#FFFFFF"
        WIDTH 4
        LINECAP round
        MINSCALEDENOM 96000
        MAXSCALEDENOM 384000
        ANTIALIAS TRUE
      END
      STYLE
        COLOR "#FFFFFF"
        WIDTH 2
        LINECAP round
        MINSCALEDENOM 96000
        MAXSCALEDENOM 384000
        ANTIALIAS TRUE
      END
      STYLE
        COLOR "#FFFFFF"
        WIDTH 5
        LINEJOIN miter
        MINSCALEDENOM 48000
        MAXSCALEDENOM 192000
        ANTIALIAS TRUE
      END
      STYLE
        COLOR "#FFFFFF"
        WIDTH 3
        LINECAP round
        MINSCALEDENOM 48000
        MAXSCALEDENOM 192000
        ANTIALIAS TRUE
      END
      STYLE
        COLOR "#FFFFFF"
        WIDTH 3
        LINECAP round
        MINSCALEDENOM 48000
        MAXSCALEDENOM 192000
        ANTIALIAS TRUE
      END
      STYLE
        COLOR "#FFFFFF"
        WIDTH 5
        LINECAP round
        MINSCALEDENOM 12000
        MAXSCALEDENOM 96000
        ANTIALIAS TRUE
      END
      STYLE
        COLOR "#FFFFFF"
        WIDTH 2.5
        LINECAP round
        LINEJOIN miter
        MINSCALEDENOM 12000
        MAXSCALEDENOM 96000
        ANTIALIAS TRUE
      END
    END
    CLASS
      # autosnelweg oprit/afrit
      NAME "12009"
      EXPRESSION "12009"
      STYLE
        COLOR "#FFFFFF"
        WIDTH 3
        LINECAP round
        LINEJOIN miter
        MINSCALEDENOM 192000
        MAXSCALEDENOM 1536000
        ANTIALIAS TRUE
      END
      STYLE
        COLOR "#FFFFFF"
        WIDTH 1.5
        LINECAP round
        LINEJOIN miter
        MINSCALEDENOM 192000
        MAXSCALEDENOM 1536000
        ANTIALIAS TRUE
      END
      STYLE
        COLOR "#FFFFFF"
        WIDTH 4
        LINECAP round
        MINSCALEDENOM 96000
        MAXSCALEDENOM 384000
        ANTIALIAS TRUE
      END
      STYLE
        COLOR "#FFFFFF"
        WIDTH 2
        LINECAP round
        MINSCALEDENOM 96000
        MAXSCALEDENOM 384000
        ANTIALIAS TRUE
      END
      STYLE
        COLOR "#FFFFFF"
        MINSCALEDENOM 48000
        MAXSCALEDENOM 192000
        ANTIALIAS TRUE
      END
      STYLE
        COLOR "#FFFFFF"
        WIDTH 3
        LINECAP round
        MINSCALEDENOM 48000
        MAXSCALEDENOM 192000
        ANTIALIAS TRUE
      END
      STYLE
        COLOR "#FFFFFF"
        MINSCALEDENOM 48000
        MAXSCALEDENOM 192000
        ANTIALIAS TRUE
      END
      STYLE
        COLOR "#FFFFFF"
        MINSCALEDENOM 48000
        MAXSCALEDENOM 192000
        ANTIALIAS TRUE
      END
      STYLE
        COLOR "#FFFFFF"
        WIDTH 4
        LINECAP round
        MINSCALEDENOM 12000
        MAXSCALEDENOM 96000
        ANTIALIAS TRUE
      END
      STYLE
        COLOR "#FFFFFF"
        WIDTH 2
        LINECAP round
        MINSCALEDENOM 12000
        MAXSCALEDENOM 96000
        ANTIALIAS TRUE
      END
    END
    CLASS
      # hoofdweg oprit/afrit
      NAME "12109"
      EXPRESSION "12109"
      STYLE
        COLOR "#FFFFFF"
        WIDTH 3
        LINECAP round
        MINSCALEDENOM 96000
        MAXSCALEDENOM 384000
        ANTIALIAS TRUE
      END
      STYLE
        COLOR "#FFFFFF"
        WIDTH 1.5
        LINECAP round
        MINSCALEDENOM 96000
        MAXSCALEDENOM 384000
        ANTIALIAS TRUE
      END
      STYLE
        COLOR "#FFFFFF"
        WIDTH 3
        LINECAP round
        MINSCALEDENOM 48000
        MAXSCALEDENOM 192000
        ANTIALIAS TRUE
      END
      STYLE
        COLOR "#FFFFFF"
        WIDTH 1.5
        LINECAP round
        MINSCALEDENOM 48000
        MAXSCALEDENOM 192000
        ANTIALIAS TRUE
      END
      STYLE
        COLOR "#FFFFFF"
        WIDTH 3
        LINECAP round
        MINSCALEDENOM 12000
        MAXSCALEDENOM 96000
        ANTIALIAS TRUE
      END
      STYLE
        COLOR "#FFFFFF"
        WIDTH 1.5
        LINECAP round
        MINSCALEDENOM 12000
        MAXSCALEDENOM 96000
        ANTIALIAS TRUE
      END
    END
    CLASS
      # regionale weg
      NAME "12750"
      EXPRESSION "12750"
      STYLE
        COLOR "#FFFFFF"
        LINECAP round
        LINEJOIN miter
        MINSCALEDENOM 192000
        MAXSCALEDENOM 768000
        ANTIALIAS TRUE
      END
      STYLE
        COLOR "#FFFFFF"
        WIDTH 3
        LINECAP round
        MINSCALEDENOM 96000
        MAXSCALEDENOM 384000
        ANTIALIAS TRUE
      END
      STYLE
        COLOR "#FFFFFF"
        WIDTH 1.5
        LINECAP round
        MINSCALEDENOM 96000
        MAXSCALEDENOM 384000
        ANTIALIAS TRUE
      END
      STYLE
        COLOR "#FFFFFF"
        WIDTH 3
        LINEJOIN miter
        MINSCALEDENOM 48000
        MAXSCALEDENOM 192000
        ANTIALIAS TRUE
      END
      STYLE
        COLOR "#FFFFFF"
        WIDTH 1.5
        LINECAP round
        MINSCALEDENOM 48000
        MAXSCALEDENOM 192000
        ANTIALIAS TRUE
      END
      STYLE
        COLOR "#FFFFFF"
        WIDTH 4
        LINECAP round
        MINSCALEDENOM 24000
        MAXSCALEDENOM 96000
        ANTIALIAS TRUE
      END
      STYLE
        COLOR "#FFFFFF"
        WIDTH 2
        LINECAP round
        LINEJOIN miter
        MINSCALEDENOM 24000
        MAXSCALEDENOM 96000
        ANTIALIAS TRUE
      END
      STYLE
        COLOR "#FFFFFF"
        WIDTH 6
        LINECAP round
        MINSCALEDENOM 12000
        MAXSCALEDENOM 48000
        ANTIALIAS TRUE
      END
      STYLE
        COLOR "#FFFFFF"
        WIDTH 4
        LINECAP round
        LINEJOIN miter
        MINSCALEDENOM 12000
        MAXSCALEDENOM 48000
        ANTIALIAS TRUE
      END
    END
    CLASS
      # regionale weg op brug
      NAME "12757"
      EXPRESSION "12757"
      STYLE
        COLOR "#FFFFFF"
        LINECAP round
        LINEJOIN miter
        MINSCALEDENOM 192000
        MAXSCALEDENOM 768000
        ANTIALIAS TRUE
      END
      STYLE
        COLOR "#FFFFFF"
        WIDTH 3
        LINECAP round
        MINSCALEDENOM 96000
        MAXSCALEDENOM 384000
        ANTIALIAS TRUE
      END
      STYLE
        COLOR "#FFFFFF"
        WIDTH 1.5
        LINECAP round
        MINSCALEDENOM 96000
        MAXSCALEDENOM 384000
        ANTIALIAS TRUE
      END
      STYLE
        COLOR "#FFFFFF"
        WIDTH 3
        LINEJOIN miter
        MINSCALEDENOM 48000
        MAXSCALEDENOM 192000
        ANTIALIAS TRUE
      END
      STYLE
        COLOR "#FFFFFF"
        WIDTH 1.5
        LINECAP round
        MINSCALEDENOM 48000
        MAXSCALEDENOM 192000
        ANTIALIAS TRUE
      END
      STYLE
        COLOR "#FFFFFF"
        WIDTH 4
        LINECAP round
        MINSCALEDENOM 24000
        MAXSCALEDENOM 96000
        ANTIALIAS TRUE
      END
      STYLE
        COLOR "#FFFFFF"
        WIDTH 2
        LINECAP round
        LINEJOIN miter
        MINSCALEDENOM 24000
        MAXSCALEDENOM 96000
        ANTIALIAS TRUE
      END
      STYLE
        COLOR "#FFFFFF"
        WIDTH 6
        LINECAP round
        MINSCALEDENOM 12000
        MAXSCALEDENOM 48000
        ANTIALIAS TRUE
      END
      STYLE
        COLOR "#FFFFFF"
        WIDTH 4
        LINECAP round
        LINEJOIN miter
        MINSCALEDENOM 12000
        MAXSCALEDENOM 48000
        ANTIALIAS TRUE
      END
    END
    CLASS
      # autosnelweg in tunnel
      NAME "12008"
      EXPRESSION "12008"
      STYLE
        COLOR "#FFFFFF"
        WIDTH 4
        LINECAP round
        MINSCALEDENOM 96000
        MAXSCALEDENOM 384000
        ANTIALIAS TRUE
      END
      STYLE
        COLOR "#FFFFFF"
        WIDTH 2
        LINECAP round
        MINSCALEDENOM 96000
        MAXSCALEDENOM 384000
        ANTIALIAS TRUE
      END
      STYLE
        COLOR "#FFFFFF"
        WIDTH 5
        LINEJOIN miter
        MINSCALEDENOM 48000
        MAXSCALEDENOM 192000
        ANTIALIAS TRUE
      END
      STYLE
        COLOR "#FFFFFF"
        WIDTH 3
        LINEJOIN miter
        MINSCALEDENOM 48000
        MAXSCALEDENOM 192000
        ANTIALIAS TRUE
      END
      STYLE
        COLOR "#FFFFFF"
        WIDTH 7
        LINECAP round
        MINSCALEDENOM 12000
        MAXSCALEDENOM 96000
        ANTIALIAS TRUE
      END
      STYLE
        COLOR "#FFFFFF"
        WIDTH 4
        LINECAP round
        MINSCALEDENOM 12000
        MAXSCALEDENOM 96000
        ANTIALIAS TRUE
      END
    END
    CLASS
      # hoofdweg in tunnel
      NAME "12108"
      EXPRESSION "12108"
      STYLE
        COLOR "#FFFFFF"
        WIDTH 4
        LINECAP round
        MINSCALEDENOM 96000
        MAXSCALEDENOM 384000
        ANTIALIAS TRUE
      END
      STYLE
        COLOR "#FFFFFF"
        WIDTH 5
        LINEJOIN miter
        MINSCALEDENOM 48000
        MAXSCALEDENOM 192000
        ANTIALIAS TRUE
      END
      STYLE
        COLOR "#FFFFFF"
        WIDTH 3
        LINEJOIN miter
        MINSCALEDENOM 48000
        MAXSCALEDENOM 192000
        ANTIALIAS TRUE
      END
      STYLE
        COLOR "#FFFFFF"
        WIDTH 5
        LINECAP round
        MINSCALEDENOM 12000
        MAXSCALEDENOM 96000
        ANTIALIAS TRUE
      END
      STYLE
        COLOR "#FFFFFF"
        WIDTH 2.5
        LINECAP round
        MINSCALEDENOM 12000
        MAXSCALEDENOM 96000
        ANTIALIAS TRUE
      END
    END
    CLASS
      # regionale weg in tunnel
      NAME "12758"
      EXPRESSION "12758"
      STYLE
        COLOR "#FFFFFF"
        WIDTH 4
        LINECAP round
        MINSCALEDENOM 96000
        MAXSCALEDENOM 384000
        ANTIALIAS TRUE
      END
      STYLE
        COLOR "#FFFFFF"
        WIDTH 2
        LINECAP round
        MINSCALEDENOM 96000
        MAXSCALEDENOM 384000
        ANTIALIAS TRUE
      END
      STYLE
        COLOR "#FFFFFF"
        WIDTH 3
        LINEJOIN miter
        MINSCALEDENOM 48000
        MAXSCALEDENOM 192000
        ANTIALIAS TRUE
      END
      STYLE
        COLOR "#FFFFFF"
        WIDTH 1.5
        LINEJOIN miter
        MINSCALEDENOM 48000
        MAXSCALEDENOM 192000
        ANTIALIAS TRUE
      END
      STYLE
        COLOR "#FFFFFF"
        WIDTH 6
        LINECAP round
        MINSCALEDENOM 12000
        MAXSCALEDENOM 96000
        ANTIALIAS TRUE
      END
      STYLE
        COLOR "#FFFFFF"
        WIDTH 4
        LINECAP round
        MINSCALEDENOM 12000
        MAXSCALEDENOM 96000
        ANTIALIAS TRUE
      END
    END
    CLASS
      # lokale weg in tunnel
      NAME "12088"
      EXPRESSION "12088"
      STYLE
        COLOR "#FFFFFF"
        WIDTH 2
        LINECAP round
        MINSCALEDENOM 96000
        MAXSCALEDENOM 384000
        ANTIALIAS TRUE
      END
      STYLE
        COLOR "#FFFFFF"
        WIDTH 3
        LINEJOIN miter
        MINSCALEDENOM 48000
        MAXSCALEDENOM 192000
        ANTIALIAS TRUE
      END
      STYLE
        COLOR "#FFFFFF"
        WIDTH 1.5
        LINEJOIN miter
        MINSCALEDENOM 48000
        MAXSCALEDENOM 192000
        ANTIALIAS TRUE
      END
      STYLE
        COLOR "#FFFFFF"
        WIDTH 3
        LINECAP round
        MINSCALEDENOM 24000
        MAXSCALEDENOM 96000
        ANTIALIAS TRUE
      END
      STYLE
        COLOR "#FFFFFF"
        WIDTH 2
        LINECAP round
        MINSCALEDENOM 24000
        MAXSCALEDENOM 96000
        ANTIALIAS TRUE
      END
      STYLE
        COLOR "#FFFFFF"
        WIDTH 4
        LINECAP round
        MINSCALEDENOM 12000
        MAXSCALEDENOM 48000
        ANTIALIAS TRUE
      END
      STYLE
        COLOR "#FFFFFF"
        WIDTH 2
        LINECAP round
        MINSCALEDENOM 12000
        MAXSCALEDENOM 48000
        ANTIALIAS TRUE
      END
    END
    CLASS
      # lokale weg
      NAME "12080"
      EXPRESSION "12080"
      STYLE
        COLOR "#FFFFFF"
        WIDTH 0.2
        MINSCALEDENOM 96000
        MAXSCALEDENOM 384000
        ANTIALIAS TRUE
      END
      STYLE
        COLOR "#FFFFFF"
        WIDTH 3
        LINEJOIN miter
        MINSCALEDENOM 48000
        MAXSCALEDENOM 192000
        ANTIALIAS TRUE
      END
      STYLE
        COLOR "#FFFFFF"
        WIDTH 1.5
        LINECAP round
        MINSCALEDENOM 48000
        MAXSCALEDENOM 192000
        ANTIALIAS TRUE
      END
      STYLE
        COLOR "#FFFFFF"
        WIDTH 3
        LINECAP round
        MINSCALEDENOM 24000
        MAXSCALEDENOM 96000
        ANTIALIAS TRUE
      END
      STYLE
        COLOR "#FFFFFF"
        WIDTH 1.5
        LINECAP round
        LINEJOIN miter
        MINSCALEDENOM 24000
        MAXSCALEDENOM 96000
        ANTIALIAS TRUE
      END
      STYLE
        COLOR "#FFFFFF"
        WIDTH 4
        LINECAP round
        MINSCALEDENOM 12000
        MAXSCALEDENOM 48000
        ANTIALIAS TRUE
      END
      STYLE
        COLOR "#FFFFFF"
        WIDTH 2
        LINECAP round
        LINEJOIN miter
        MINSCALEDENOM 12000
        MAXSCALEDENOM 48000
        ANTIALIAS TRUE
      END
    END
    CLASS
      # lokale weg op brug
      NAME "12087"
      EXPRESSION "12087"
      STYLE
        COLOR "#FFFFFF"
        WIDTH 0.2
        MINSCALEDENOM 96000
        MAXSCALEDENOM 384000
        ANTIALIAS TRUE
      END
      STYLE
        COLOR "#FFFFFF"
        WIDTH 3
        LINEJOIN miter
        MINSCALEDENOM 48000
        MAXSCALEDENOM 192000
        ANTIALIAS TRUE
      END
      STYLE
        COLOR "#FFFFFF"
        WIDTH 1.5
        LINECAP round
        MINSCALEDENOM 48000
        MAXSCALEDENOM 192000
        ANTIALIAS TRUE
      END
      STYLE
        COLOR "#FFFFFF"
        WIDTH 3
        LINECAP round
        MINSCALEDENOM 24000
        MAXSCALEDENOM 96000
        ANTIALIAS TRUE
      END
      STYLE
        COLOR "#FFFFFF"
        WIDTH 1.5
        LINECAP round
        LINEJOIN miter
        MINSCALEDENOM 24000
        MAXSCALEDENOM 96000
        ANTIALIAS TRUE
      END
      STYLE
        COLOR "#FFFFFF"
        WIDTH 4
        LINECAP round
        MINSCALEDENOM 12000
        MAXSCALEDENOM 48000
        ANTIALIAS TRUE
      END
      STYLE
        COLOR "#FFFFFF"
        WIDTH 2
        LINECAP round
        LINEJOIN miter
        MINSCALEDENOM 12000
        MAXSCALEDENOM 48000
        ANTIALIAS TRUE
      END
    END
    CLASS
      # regionale weg oprit/afrit
      NAME "12759"
      EXPRESSION "12759"
      STYLE
        COLOR "#FFFFFF"
        WIDTH 3
        LINECAP round
        MINSCALEDENOM 48000
        MAXSCALEDENOM 192000
        ANTIALIAS TRUE
      END
      STYLE
        COLOR "#FFFFFF"
        WIDTH 1.5
        LINECAP round
        MINSCALEDENOM 48000
        MAXSCALEDENOM 192000
        ANTIALIAS TRUE
      END
      STYLE
        COLOR "#FFFFFF"
        WIDTH 3
        LINECAP round
        MINSCALEDENOM 12000
        MAXSCALEDENOM 96000
        ANTIALIAS TRUE
      END
      STYLE
        COLOR "#FFFFFF"
        WIDTH 1.5
        LINECAP round
        MINSCALEDENOM 12000
        MAXSCALEDENOM 96000
        ANTIALIAS TRUE
      END
    END
    CLASS
      # lokale weg oprit/afrit
      NAME "12089"
      EXPRESSION "12089"
      STYLE
        COLOR "#FFFFFF"
        WIDTH 2.2
        LINECAP round
        MINSCALEDENOM 48000
        MAXSCALEDENOM 192000
        ANTIALIAS TRUE
      END
      STYLE
        COLOR "#FFFFFF"
        WIDTH 1.2
        LINECAP round
        MINSCALEDENOM 48000
        MAXSCALEDENOM 192000
        ANTIALIAS TRUE
      END
      STYLE
        COLOR "#FFFFFF"
        WIDTH 2.2
        LINECAP round
        MINSCALEDENOM 12000
        MAXSCALEDENOM 96000
        ANTIALIAS TRUE
      END
      STYLE
        COLOR "#FFFFFF"
        WIDTH 1.2
        LINECAP round
        MINSCALEDENOM 12000
        MAXSCALEDENOM 96000
        ANTIALIAS TRUE
      END
    END
    CLASS
      # straat in tunnel
      NAME "13538"
      EXPRESSION "13538"
      STYLE
        COLOR "#FFFFFF"
        WIDTH 2.2
        LINECAP round
        MINSCALEDENOM 24000
        MAXSCALEDENOM 96000
        ANTIALIAS TRUE
      END
      STYLE
        COLOR "#FFFFFF"
        WIDTH 1.2
        LINECAP round
        MINSCALEDENOM 24000
        MAXSCALEDENOM 96000
        ANTIALIAS TRUE
      END
      STYLE
        COLOR "#FFFFFF"
        WIDTH 4
        LINECAP round
        MINSCALEDENOM 12000
        MAXSCALEDENOM 48000
        ANTIALIAS TRUE
      END
      STYLE
        COLOR "#FFFFFF"
        WIDTH 2
        LINECAP round
        MINSCALEDENOM 12000
        MAXSCALEDENOM 48000
        ANTIALIAS TRUE
      END
    END
    CLASS
      # straat
      NAME "13530"
      EXPRESSION "13530"
      STYLE
        COLOR "#FFFFFF"
        WIDTH 2.2
        LINECAP round
        MINSCALEDENOM 24000
        MAXSCALEDENOM 96000
        ANTIALIAS TRUE
      END
      STYLE
        COLOR "#FFFFFF"
        WIDTH 1.2
        LINECAP round
        LINEJOIN miter
        MINSCALEDENOM 24000
        MAXSCALEDENOM 96000
        ANTIALIAS TRUE
      END
      STYLE
        COLOR "#FFFFFF"
        WIDTH 4
        LINECAP round
        MINSCALEDENOM 12000
        MAXSCALEDENOM 48000
        ANTIALIAS TRUE
      END
      STYLE
        COLOR "#FFFFFF"
        WIDTH 2
        LINECAP round
        LINEJOIN miter
        MINSCALEDENOM 12000
        MAXSCALEDENOM 48000
        ANTIALIAS TRUE
      END
    END
    CLASS
      # straat op brug
      NAME "13537"
      EXPRESSION "13537"
      STYLE
        COLOR "#FFFFFF"
        WIDTH 2.2
        LINECAP round
        MINSCALEDENOM 24000
        MAXSCALEDENOM 96000
        ANTIALIAS TRUE
      END
      STYLE
        COLOR "#FFFFFF"
        WIDTH 1.2
        LINECAP round
        LINEJOIN miter
        MINSCALEDENOM 24000
        MAXSCALEDENOM 96000
        ANTIALIAS TRUE
      END
      STYLE
        COLOR "#FFFFFF"
        WIDTH 4
        LINECAP round
        MINSCALEDENOM 12000
        MAXSCALEDENOM 48000
        ANTIALIAS TRUE
      END
      STYLE
        COLOR "#FFFFFF"
        WIDTH 2
        LINECAP round
        LINEJOIN miter
        MINSCALEDENOM 12000
        MAXSCALEDENOM 48000
        ANTIALIAS TRUE
      END
    END
    CLASS
      # overig
      NAME "13640"
      EXPRESSION "13640"
      STYLE
        COLOR "#FFFFFF"
        MINSCALEDENOM 12000
        MAXSCALEDENOM 48000
        ANTIALIAS TRUE
      END
    END
    CLASS
      # fietspad
      NAME "13620"
      EXPRESSION "13620"
      STYLE
        COLOR "#FFFFFF"
        WIDTH 2
        LINECAP round
        MINSCALEDENOM 12000
        MAXSCALEDENOM 48000
        ANTIALIAS TRUE
      END
    END
  END # LAYER


END # MAP